Component: ARM Compiler 6.16 Tool: armlink [5dfeaa00]

==============================================================================

Section Cross References

    main.o(.text) refers (Special) to _printf_d.o(.ARM.Collect$$_printf_percent$$00000009) for _printf_d
    main.o(.text) refers (Special) to _printf_dec.o(.text) for _printf_int_dec
    main.o(.text) refers (Special) to _printf_percent.o(.ARM.Collect$$_printf_percent$$00000000) for _printf_percent
    main.o(.text) refers (Special) to _printf_s.o(.ARM.Collect$$_printf_percent$$00000014) for _printf_s
    main.o(.text) refers (Special) to _printf_str.o(.text) for _printf_str
    main.o(.text.init_board) refers (Special) to _printf_d.o(.ARM.Collect$$_printf_percent$$00000009) for _printf_d
    main.o(.text.init_board) refers (Special) to _printf_dec.o(.text) for _printf_int_dec
    main.o(.text.init_board) refers (Special) to _printf_percent.o(.ARM.Collect$$_printf_percent$$00000000) for _printf_percent
    main.o(.text.init_board) refers (Special) to _printf_s.o(.ARM.Collect$$_printf_percent$$00000014) for _printf_s
    main.o(.text.init_board) refers (Special) to _printf_str.o(.text) for _printf_str
    main.o(.text.init_board) refers to main.o(.bss.board) for board
    main.o(.text.init_board) refers to rt_memclr_w.o(.text) for __aeabi_memclr4
    main.o(.ARM.exidx.text.init_board) refers (Special) to _printf_d.o(.ARM.Collect$$_printf_percent$$00000009) for _printf_d
    main.o(.ARM.exidx.text.init_board) refers (Special) to _printf_dec.o(.text) for _printf_int_dec
    main.o(.ARM.exidx.text.init_board) refers (Special) to _printf_percent.o(.ARM.Collect$$_printf_percent$$00000000) for _printf_percent
    main.o(.ARM.exidx.text.init_board) refers (Special) to _printf_s.o(.ARM.Collect$$_printf_percent$$00000014) for _printf_s
    main.o(.ARM.exidx.text.init_board) refers (Special) to _printf_str.o(.text) for _printf_str
    main.o(.ARM.exidx.text.init_board) refers to main.o(.text.init_board) for [Anonymous Symbol]
    main.o(.text.draw_logo) refers (Special) to _printf_d.o(.ARM.Collect$$_printf_percent$$00000009) for _printf_d
    main.o(.text.draw_logo) refers (Special) to _printf_dec.o(.text) for _printf_int_dec
    main.o(.text.draw_logo) refers (Special) to _printf_percent.o(.ARM.Collect$$_printf_percent$$00000000) for _printf_percent
    main.o(.text.draw_logo) refers (Special) to _printf_s.o(.ARM.Collect$$_printf_percent$$00000014) for _printf_s
    main.o(.text.draw_logo) refers (Special) to _printf_str.o(.text) for _printf_str
    main.o(.text.draw_logo) refers to main.o(.rodata.str1.4) for .L.str
    main.o(.text.draw_logo) refers to main.o(.bss.buffer) for buffer
    main.o(.text.draw_logo) refers to rt_memcpy_v6.o(.text) for __aeabi_memcpy
    main.o(.text.draw_logo) refers to uart.o(.text.USART_Write) for USART_Write
    main.o(.ARM.exidx.text.draw_logo) refers (Special) to _printf_d.o(.ARM.Collect$$_printf_percent$$00000009) for _printf_d
    main.o(.ARM.exidx.text.draw_logo) refers (Special) to _printf_dec.o(.text) for _printf_int_dec
    main.o(.ARM.exidx.text.draw_logo) refers (Special) to _printf_percent.o(.ARM.Collect$$_printf_percent$$00000000) for _printf_percent
    main.o(.ARM.exidx.text.draw_logo) refers (Special) to _printf_s.o(.ARM.Collect$$_printf_percent$$00000014) for _printf_s
    main.o(.ARM.exidx.text.draw_logo) refers (Special) to _printf_str.o(.text) for _printf_str
    main.o(.ARM.exidx.text.draw_logo) refers to main.o(.text.draw_logo) for [Anonymous Symbol]
    main.o(.text.disp_board) refers (Special) to _printf_d.o(.ARM.Collect$$_printf_percent$$00000009) for _printf_d
    main.o(.text.disp_board) refers (Special) to _printf_dec.o(.text) for _printf_int_dec
    main.o(.text.disp_board) refers (Special) to _printf_percent.o(.ARM.Collect$$_printf_percent$$00000000) for _printf_percent
    main.o(.text.disp_board) refers (Special) to _printf_s.o(.ARM.Collect$$_printf_percent$$00000014) for _printf_s
    main.o(.text.disp_board) refers (Special) to _printf_str.o(.text) for _printf_str
    main.o(.text.disp_board) refers to main.o(.bss.buffer) for buffer
    main.o(.text.disp_board) refers to main.o(.rodata.str1.1) for .L.str.15
    main.o(.text.disp_board) refers to __2sprintf.o(.text) for __2sprintf
    main.o(.text.disp_board) refers to uart.o(.text.USART_Write) for USART_Write
    main.o(.text.disp_board) refers to main.o(.rodata.str1.4) for .L.str.19
    main.o(.text.disp_board) refers to rt_memcpy_v6.o(.text) for __aeabi_memcpy
    main.o(.ARM.exidx.text.disp_board) refers (Special) to _printf_d.o(.ARM.Collect$$_printf_percent$$00000009) for _printf_d
    main.o(.ARM.exidx.text.disp_board) refers (Special) to _printf_dec.o(.text) for _printf_int_dec
    main.o(.ARM.exidx.text.disp_board) refers (Special) to _printf_percent.o(.ARM.Collect$$_printf_percent$$00000000) for _printf_percent
[...]
    libinit.o(.ARM.Collect$$libinit$$00000000) refers (Special) to libinit2.o(.ARM.Collect$$libinit$$0000002C) for __rt_lib_init_argv_1
    libinit.o(.ARM.Collect$$libinit$$00000000) refers (Special) to libinit2.o(.ARM.Collect$$libinit$$0000001B) for __rt_lib_init_atexit_1
    libinit.o(.ARM.Collect$$libinit$$00000000) refers (Special) to libinit2.o(.ARM.Collect$$libinit$$00000021) for __rt_lib_init_clock_1
    libinit.o(.ARM.Collect$$libinit$$00000000) refers (Special) to libinit2.o(.ARM.Collect$$libinit$$00000032) for __rt_lib_init_cpp_1
    libinit.o(.ARM.Collect$$libinit$$00000000) refers (Special) to libinit2.o(.ARM.Collect$$libinit$$00000030) for __rt_lib_init_exceptions_1
    libinit.o(.ARM.Collect$$libinit$$00000000) refers (Special) to libinit2.o(.ARM.Collect$$libinit$$00000001) for __rt_lib_init_fp_1
    libinit.o(.ARM.Collect$$libinit$$00000000) refers (Special) to libinit2.o(.ARM.Collect$$libinit$$0000001F) for __rt_lib_init_fp_trap_1
    libinit.o(.ARM.Collect$$libinit$$00000000) refers (Special) to libinit2.o(.ARM.Collect$$libinit$$00000023) for __rt_lib_init_getenv_1
    libinit.o(.ARM.Collect$$libinit$$00000000) refers (Special) to libinit2.o(.ARM.Collect$$libinit$$0000000A) for __rt_lib_init_heap_1
    libinit.o(.ARM.Collect$$libinit$$00000000) refers (Special) to libinit2.o(.ARM.Collect$$libinit$$00000011) for __rt_lib_init_lc_collate_1
    libinit.o(.ARM.Collect$$libinit$$00000000) refers (Special) to libinit2.o(.ARM.Collect$$libinit$$00000013) for __rt_lib_init_lc_ctype_1
    libinit.o(.ARM.Collect$$libinit$$00000000) refers (Special) to libinit2.o(.ARM.Collect$$libinit$$00000015) for __rt_lib_init_lc_monetary_1
    libinit.o(.ARM.Collect$$libinit$$00000000) refers (Special) to libinit2.o(.ARM.Collect$$libinit$$00000017) for __rt_lib_init_lc_numeric_1
    libinit.o(.ARM.Collect$$libinit$$00000000) refers (Special) to libinit2.o(.ARM.Collect$$libinit$$00000019) for __rt_lib_init_lc_time_1
    libinit.o(.ARM.Collect$$libinit$$00000000) refers (Special) to libinit2.o(.ARM.Collect$$libinit$$00000004) for __rt_lib_init_preinit_1
    libinit.o(.ARM.Collect$$libinit$$00000000) refers (Special) to libinit2.o(.ARM.Collect$$libinit$$0000000E) for __rt_lib_init_rand_1
    libinit.o(.ARM.Collect$$libinit$$00000000) refers (Special) to libinit2.o(.ARM.Collect$$libinit$$00000033) for __rt_lib_init_return
    libinit.o(.ARM.Collect$$libinit$$00000000) refers (Special) to libinit2.o(.ARM.Collect$$libinit$$0000001D) for __rt_lib_init_signal_1
    libinit.o(.ARM.Collect$$libinit$$00000000) refers (Special) to libinit2.o(.ARM.Collect$$libinit$$00000025) for __rt_lib_init_stdio_1
    libinit.o(.ARM.Collect$$libinit$$00000000) refers (Special) to libinit2.o(.ARM.Collect$$libinit$$0000000C) for __rt_lib_init_user_alloc_1
    libspace.o(.text) refers to libspace.o(.bss) for __libspace_start
    rtexit.o(.ARM.Collect$$rtexit$$00000000) refers (Special) to rtexit2.o(.ARM.Collect$$rtexit$$00000004) for __rt_exit_exit
    rtexit.o(.ARM.Collect$$rtexit$$00000000) refers (Special) to rtexit2.o(.ARM.Collect$$rtexit$$00000003) for __rt_exit_ls
    rtexit.o(.ARM.Collect$$rtexit$$00000000) refers (Special) to rtexit2.o(.ARM.Collect$$rtexit$$00000002) for __rt_exit_prels_1
    rtexit.o(.ARM.exidx) refers (Special) to rtexit2.o(.ARM.Collect$$rtexit$$00000004) for __rt_exit_exit
    rtexit.o(.ARM.exidx) refers (Special) to rtexit2.o(.ARM.Collect$$rtexit$$00000003) for __rt_exit_ls
    rtexit.o(.ARM.exidx) refers (Special) to rtexit2.o(.ARM.Collect$$rtexit$$00000002) for __rt_exit_prels_1
    rtexit.o(.ARM.exidx) refers to rtexit.o(.ARM.Collect$$rtexit$$00000000) for .ARM.Collect$$rtexit$$00000000
    libinit2.o(.ARM.Collect$$libinit$$00000001) refers to fpinit.o(x$fpl$fpinit) for _fp_init
    libinit2.o(.ARM.Collect$$libinit$$00000010) refers to libinit2.o(.ARM.Collect$$libinit$$0000000F) for .ARM.Collect$$libinit$$0000000F
    libinit2.o(.ARM.Collect$$libinit$$00000012) refers to libinit2.o(.ARM.Collect$$libinit$$0000000F) for .ARM.Collect$$libinit$$0000000F
    libinit2.o(.ARM.Collect$$libinit$$00000014) refers to libinit2.o(.ARM.Collect$$libinit$$0000000F) for .ARM.Collect$$libinit$$0000000F
    libinit2.o(.ARM.Collect$$libinit$$00000016) refers to libinit2.o(.ARM.Collect$$libinit$$0000000F) for .ARM.Collect$$libinit$$0000000F
    libinit2.o(.ARM.Collect$$libinit$$00000018) refers to libinit2.o(.ARM.Collect$$libinit$$0000000F) for .ARM.Collect$$libinit$$0000000F
    libinit2.o(.ARM.Collect$$libinit$$00000026) refers to argv_veneer.o(.emb_text) for __ARM_argv_veneer
    libinit2.o(.ARM.Collect$$libinit$$00000027) refers to argv_veneer.o(.emb_text) for __ARM_argv_veneer
    rtexit2.o(.ARM.Collect$$rtexit$$00000003) refers to libshutdown.o(.ARM.Collect$$libshutdown$$00000000) for __rt_lib_shutdown
    rtexit2.o(.ARM.Collect$$rtexit$$00000004) refers to sys_exit.o(.text) for _sys_exit
    rtexit2.o(.ARM.exidx) refers to rtexit2.o(.ARM.Collect$$rtexit$$00000001) for .ARM.Collect$$rtexit$$00000001
    rtexit2.o(.ARM.exidx) refers to rtexit2.o(.ARM.Collect$$rtexit$$00000003) for .ARM.Collect$$rtexit$$00000003
    rtexit2.o(.ARM.exidx) refers to rtexit2.o(.ARM.Collect$$rtexit$$00000004) for .ARM.Collect$$rtexit$$00000004
    argv_veneer.o(.emb_text) refers to no_argv.o(.text) for __ARM_get_argv
    sys_exit.o(.text) refers (Special) to use_no_semi.o(.text) for __I$use$semihosting
    sys_exit.o(.text) refers (Special) to indicate_semi.o(.text) for __semihosting_library_function
    sys_exit_hlt.o(.text) refers (Special) to use_no_semi.o(.text) for __I$use$semihosting
    sys_exit_hlt.o(.text) refers (Special) to indicate_semi.o(.text) for __semihosting_library_function
    _get_argv_nomalloc.o(.text) refers (Special) to hrguard.o(.text) for __heap_region$guard
    _get_argv_nomalloc.o(.text) refers to defsig_rtmem_outer.o(.text) for __rt_SIGRTMEM
    _get_argv_nomalloc.o(.text) refers to sys_command.o(.text) for _sys_command_string
    libshutdown.o(.ARM.Collect$$libshutdown$$00000000) refers (Special) to libshutdown2.o(.ARM.Collect$$libshutdown$$00000002) for __rt_lib_shutdown_cpp_1
    libshutdown.o(.ARM.Collect$$libshutdown$$00000000) refers (Special) to libshutdown2.o(.ARM.Collect$$libshutdown$$00000007) for __rt_lib_shutdown_fp_trap_1
    libshutdown.o(.ARM.Collect$$libshutdown$$00000000) refers (Special) to libshutdown2.o(.ARM.Collect$$libshutdown$$0000000F) for __rt_lib_shutdown_heap_1
    libshutdown.o(.ARM.Collect$$libshutdown$$00000000) refers (Special) to libshutdown2.o(.ARM.Collect$$libshutdown$$00000010) for __rt_lib_shutdown_return
    libshutdown.o(.ARM.Collect$$libshutdown$$00000000) refers (Special) to libshutdown2.o(.ARM.Collect$$libshutdown$$0000000A) for __rt_lib_shutdown_signal_1
    libshutdown.o(.ARM.Collect$$libshutdown$$00000000) refers (Special) to libshutdown2.o(.ARM.Collect$$libshutdown$$00000004) for __rt_lib_shutdown_stdio_1
    libshutdown.o(.ARM.Collect$$libshutdown$$00000000) refers (Special) to libshutdown2.o(.ARM.Collect$$libshutdown$$0000000C) for __rt_lib_shutdown_user_alloc_1
    sys_command.o(.text) refers (Special) to use_no_semi.o(.text) for __I$use$semihosting
    sys_command.o(.text) refers (Special) to indicate_semi.o(.text) for __semihosting_library_function
    sys_command_hlt.o(.text) refers (Special) to use_no_semi.o(.text) for __I$use$semihosting
    sys_command_hlt.o(.text) refers (Special) to indicate_semi.o(.text) for __semihosting_library_function
    defsig_rtmem_outer.o(.text) refers to defsig_rtmem_inner.o(.text) for __rt_SIGRTMEM_inner
    defsig_rtmem_outer.o(.text) refers to defsig_exit.o(.text) for __sig_exit
    defsig_rtmem_formal.o(.text) refers to rt_raise.o(.text) for __rt_raise
    rt_raise.o(.text) refers to __raise.o(.text) for __raise
    rt_raise.o(.text) refers to sys_exit.o(.text) for _sys_exit
    defsig_exit.o(.text) refers to sys_exit.o(.text) for _sys_exit
    defsig_rtmem_inner.o(.text) refers to defsig_general.o(.text) for __default_signal_display
    __raise.o(.text) refers to defsig.o(CL$$defsig) for __default_signal_handler
    defsig_general.o(.text) refers to sys_wrch.o(.text) for _ttywrch
    sys_wrch.o(.text) refers (Special) to use_no_semi.o(.text) for __I$use$semihosting
    sys_wrch.o(.text) refers (Special) to indicate_semi.o(.text) for __semihosting_library_function
    sys_wrch_hlt.o(.text) refers (Special) to use_no_semi.o(.text) for __I$use$semihosting
    sys_wrch_hlt.o(.text) refers (Special) to indicate_semi.o(.text) for __semihosting_library_function
    defsig.o(CL$$defsig) refers to defsig_rtmem_inner.o(.text) for __rt_SIGRTMEM_inner
    defsig_abrt_inner.o(.text) refers to defsig_general.o(.text) for __default_signal_display
    defsig_fpe_inner.o(.text) refers to defsig_general.o(.text) for __default_signal_display
    defsig_rtred_inner.o(.text) refers to defsig_general.o(.text) for __default_signal_display
    defsig_stak_inner.o(.text) refers to defsig_general.o(.text) for __default_signal_display
    defsig_pvfn_inner.o(.text) refers to defsig_general.o(.text) for __default_signal_display
    defsig_cppl_inner.o(.text) refers to defsig_general.o(.text) for __default_signal_display
    defsig_segv_inner.o(.text) refers to defsig_general.o(.text) for __default_signal_display
    defsig_other.o(.text) refers to defsig_general.o(.text) for __default_signal_display


==============================================================================

Removing Unused input sections from the image.

    Removing main.o(.text), (0 bytes).
    Removing main.o(.ARM.exidx.text.init_board), (8 bytes).
    Removing main.o(.ARM.exidx.text.draw_logo), (8 bytes).
    Removing main.o(.ARM.exidx.text.disp_board), (8 bytes).
    Removing main.o(.ARM.exidx.text.check_win), (8 bytes).
    Removing main.o(.ARM.exidx.text.set_piece), (8 bytes).
    Removing main.o(.ARM.exidx.text.wait_for_start_btn), (8 bytes).
    Removing main.o(.ARM.exidx.text.get_column), (8 bytes).
    Removing main.o(.text.read_NES), (26 bytes).
    Removing main.o(.ARM.exidx.text.read_NES), (8 bytes).
    Removing main.o(.ARM.exidx.text.Joystick_Initialization), (8 bytes).
    Removing main.o(.ARM.exidx.text.NES_Init), (8 bytes).
    Removing main.o(.ARM.exidx.text.reset_game), (8 bytes).
    Removing main.o(.ARM.exidx.text.main), (8 bytes).
    Removing main.o(.ARM.use_no_argv), (4 bytes).
    Removing led.o(.text), (0 bytes).
    Removing led.o(.ARM.exidx.text.LED_Init), (8 bytes).
    Removing led.o(.text.Red_LED_On), (18 bytes).
    Removing led.o(.ARM.exidx.text.Red_LED_On), (8 bytes).
    Removing led.o(.text.Red_LED_Off), (18 bytes).
    Removing led.o(.ARM.exidx.text.Red_LED_Off), (8 bytes).
    Removing led.o(.text.Red_LED_Toggle), (18 bytes).
    Removing led.o(.ARM.exidx.text.Red_LED_Toggle), (8 bytes).
    Removing led.o(.ARM.exidx.text.Green_LED_On), (8 bytes).
    Removing led.o(.ARM.exidx.text.Green_LED_Off), (8 bytes).
    Removing led.o(.text.Green_LED_Toggle), (18 bytes).
    Removing led.o(.ARM.exidx.text.Green_LED_Toggle), (8 bytes).
    Removing sysclock.o(.text), (0 bytes).
    Removing sysclock.o(.ARM.exidx.text.System_Clock_Init), (8 bytes).
    Removing uart.o(.text), (0 bytes).
    Removing uart.o(.ARM.exidx.text.UART2_Init), (8 bytes).
    Removing uart.o(.ARM.exidx.text.UART2_GPIO_Init), (8 bytes).
    Removing uart.o(.ARM.exidx.text.USART_Init), (8 bytes).
    Removing uart.o(.text.USART_Read), (12 bytes).
    Removing uart.o(.ARM.exidx.text.USART_Read), (8 bytes).
    Removing uart.o(.ARM.exidx.text.USART_Write), (8 bytes).
    Removing uart.o(.text.USART_Delay), (2 bytes).
    Removing uart.o(.ARM.exidx.text.USART_Delay), (8 bytes).
    Removing uart.o(.text.USART_IRQHandler), (74 bytes).
    Removing uart.o(.ARM.exidx.text.USART_IRQHandler), (8 bytes).
    Removing systick.o(.text), (0 bytes).
    Removing systick.o(.ARM.exidx.text.SysTick_Init), (8 bytes).
    Removing systick.o(.ARM.exidx.text.__NVIC_SetPriority), (8 bytes).
    Removing systick.o(.ARM.exidx.text.SysTick_Handler), (8 bytes).
    Removing audio.o(.text), (0 bytes).
    Removing audio.o(.ARM.exidx.text.DAC_Init), (8 bytes).
    Removing audio.o(.ARM.exidx.text.TIM4_Init), (8 bytes).
    Removing audio.o(.ARM.exidx.text.__NVIC_SetPriority), (8 bytes).
    Removing audio.o(.ARM.exidx.text.__NVIC_EnableIRQ), (8 bytes).
    Removing audio.o(.ARM.exidx.text.TIM4_IRQHandler), (8 bytes).
    Removing audio.o(.ARM.exidx.text.delay), (8 bytes).
    Removing audio.o(.ARM.exidx.text.playsong), (8 bytes).

52 unused section(s) (total 486 bytes) removed from the image.

==============================================================================

Image Symbol Table

    Local Symbols

    Symbol Name                              Value     Ov Type        Size  Object(Section)

    ../clib/angel/boardlib.s                 0x00000000   Number         0  boardinit1.o ABSOLUTE
    ../clib/angel/boardlib.s                 0x00000000   Number         0  boardinit2.o ABSOLUTE
    ../clib/angel/boardlib.s                 0x00000000   Number         0  boardinit3.o ABSOLUTE
    ../clib/angel/boardlib.s                 0x00000000   Number         0  boardshut.o ABSOLUTE
    ../clib/angel/dczerorl.s                 0x00000000   Number         0  __dczerorl.o ABSOLUTE
    ../clib/angel/handlers.s                 0x00000000   Number         0  __scatter_zi.o ABSOLUTE
    ../clib/angel/kernel.s                   0x00000000   Number         0  __rtentry.o ABSOLUTE
    ../clib/angel/kernel.s                   0x00000000   Number         0  __rtentry2.o ABSOLUTE
    ../clib/angel/kernel.s                   0x00000000   Number         0  __rtentry4.o ABSOLUTE
    ../clib/angel/kernel.s                   0x00000000   Number         0  rtexit.o ABSOLUTE
    ../clib/angel/kernel.s                   0x00000000   Number         0  rtexit2.o ABSOLUTE
    ../clib/angel/rt.s                       0x00000000   Number         0  rt_raise.o ABSOLUTE
    ../clib/angel/scatter.s                  0x00000000   Number         0  __scatter.o ABSOLUTE
    ../clib/angel/startup.s                  0x00000000   Number         0  __main.o ABSOLUTE
    ../clib/angel/sys.s                      0x00000000   Number         0  sys_stackheap_outer.o ABSOLUTE
    ../clib/angel/sys.s                      0x00000000   Number         0  libspace.o ABSOLUTE
    ../clib/angel/sys.s                      0x00000000   Number         0  use_no_semi.o ABSOLUTE
    ../clib/angel/sys.s                      0x00000000   Number         0  indicate_semi.o ABSOLUTE
    ../clib/angel/sysapp.c                   0x00000000   Number         0  sys_exit.o ABSOLUTE
    ../clib/angel/sysapp.c                   0x00000000   Number         0  sys_exit_hlt.o ABSOLUTE
    ../clib/angel/sysapp.c                   0x00000000   Number         0  sys_command.o ABSOLUTE
    ../clib/angel/sysapp.c                   0x00000000   Number         0  sys_command_hlt.o ABSOLUTE
    ../clib/angel/sysapp.c                   0x00000000   Number         0  sys_wrch.o ABSOLUTE
    ../clib/angel/sysapp.c                   0x00000000   Number         0  sys_wrch_hlt.o ABSOLUTE
    ../clib/armsys.c                         0x00000000   Number         0  argv_veneer.o ABSOLUTE
    ../clib/armsys.c                         0x00000000   Number         0  argv_veneer.o ABSOLUTE
    ../clib/armsys.c                         0x00000000   Number         0  _get_argv_nomalloc.o ABSOLUTE
    ../clib/armsys.c                         0x00000000   Number         0  no_argv.o ABSOLUTE
    ../clib/heapalloc.c                      0x00000000   Number         0  hrguard.o ABSOLUTE
    ../clib/heapaux.c                        0x00000000   Number         0  heapauxi.o ABSOLUTE
    ../clib/libinit.s                        0x00000000   Number         0  libinit.o ABSOLUTE
    ../clib/libinit.s                        0x00000000   Number         0  libinit2.o ABSOLUTE
    ../clib/libinit.s                        0x00000000   Number         0  libshutdown.o ABSOLUTE
    ../clib/libinit.s                        0x00000000   Number         0  libshutdown2.o ABSOLUTE
    ../clib/memcpset.s                       0x00000000   Number         0  rt_memcpy_v6.o ABSOLUTE
    ../clib/memcpset.s                       0x00000000   Number         0  rt_memclr_w.o ABSOLUTE
    ../clib/memcpset.s                       0x00000000   Number         0  rt_memcpy_w.o ABSOLUTE
    ../clib/misc.s                           0x00000000   Number         0  printf_stubs.o ABSOLUTE
    ../clib/printf.c                         0x00000000   Number         0  __2sprintf.o ABSOLUTE
    ../clib/printf.c                         0x00000000   Number         0  noretval__2sprintf.o ABSOLUTE
    ../clib/printf.c                         0x00000000   Number         0  __printf.o ABSOLUTE
    ../clib/printf.c                         0x00000000   Number         0  _printf_str.o ABSOLUTE
    ../clib/printf.c                         0x00000000   Number         0  _printf_dec.o ABSOLUTE
    ../clib/printf.c                         0x00000000   Number         0  __printf_flags.o ABSOLUTE
    ../clib/printf.c                         0x00000000   Number         0  __printf_ss.o ABSOLUTE
    ../clib/printf.c                         0x00000000   Number         0  __printf_flags_ss.o ABSOLUTE
    ../clib/printf.c                         0x00000000   Number         0  __printf_wp.o ABSOLUTE
    ../clib/printf.c                         0x00000000   Number         0  __printf_flags_wp.o ABSOLUTE
    ../clib/printf.c                         0x00000000   Number         0  __printf_ss_wp.o ABSOLUTE
    ../clib/printf.c                         0x00000000   Number         0  __printf_flags_ss_wp.o ABSOLUTE
    ../clib/printf.c                         0x00000000   Number         0  _printf_intcommon.o ABSOLUTE
    ../clib/printf.c                         0x00000000   Number         0  _printf_char_common.o ABSOLUTE
    ../clib/printf.c                         0x00000000   Number         0  _sputc.o ABSOLUTE
    ../clib/printf.c                         0x00000000   Number         0  _printf_char.o ABSOLUTE
    ../clib/printf.c                         0x00000000   Number         0  __printf_nopercent.o ABSOLUTE
    ../clib/printf_percent.s                 0x00000000   Number         0  _printf_s.o ABSOLUTE
    ../clib/printf_percent.s                 0x00000000   Number         0  _printf_d.o ABSOLUTE
    ../clib/printf_percent.s                 0x00000000   Number         0  _printf_percent.o ABSOLUTE
    ../clib/printf_percent.s                 0x00000000   Number         0  _printf_percent_end.o ABSOLUTE
    ../clib/signal.c                         0x00000000   Number         0  defsig_rtmem_outer.o ABSOLUTE
    ../clib/signal.c                         0x00000000   Number         0  defsig_rtmem_formal.o ABSOLUTE
    ../clib/signal.c                         0x00000000   Number         0  defsig_exit.o ABSOLUTE
    ../clib/signal.c                         0x00000000   Number         0  defsig_rtmem_inner.o ABSOLUTE
    ../clib/signal.c                         0x00000000   Number         0  __raise.o ABSOLUTE
    ../clib/signal.c                         0x00000000   Number         0  defsig_general.o ABSOLUTE
    ../clib/signal.c                         0x00000000   Number         0  defsig_abrt_inner.o ABSOLUTE
    ../clib/signal.c                         0x00000000   Number         0  defsig_fpe_inner.o ABSOLUTE
    ../clib/signal.c                         0x00000000   Number         0  defsig_rtred_inner.o ABSOLUTE
    ../clib/signal.c                         0x00000000   Number         0  defsig_stak_inner.o ABSOLUTE
    ../clib/signal.c                         0x00000000   Number         0  defsig_pvfn_inner.o ABSOLUTE
    ../clib/signal.c                         0x00000000   Number         0  defsig_cppl_inner.o ABSOLUTE
    ../clib/signal.c                         0x00000000   Number         0  defsig_segv_inner.o ABSOLUTE
    ../clib/signal.c                         0x00000000   Number         0  defsig_other.o ABSOLUTE
    ../clib/signal.s                         0x00000000   Number         0  defsig.o ABSOLUTE
    ../clib/stdlib.c                         0x00000000   Number         0  exit.o ABSOLUTE
    ../fplib/daddsub.s                       0x00000000   Number         0  daddsub_clz.o ABSOLUTE
    ../fplib/dcmp.s                          0x00000000   Number         0  dcmp.o ABSOLUTE
    ../fplib/dcmpi.s                         0x00000000   Number         0  dcmpi.o ABSOLUTE
    ../fplib/deqf.s                          0x00000000   Number         0  deqf.o ABSOLUTE
    ../fplib/dfix.s                          0x00000000   Number         0  dfix.o ABSOLUTE
    ../fplib/dgeqf.s                         0x00000000   Number         0  dgeqf.o ABSOLUTE
    ../fplib/dleqf.s                         0x00000000   Number         0  dleqf.o ABSOLUTE
    ../fplib/dnaninf.s                       0x00000000   Number         0  dnaninf.o ABSOLUTE
    ../fplib/dretinf.s                       0x00000000   Number         0  dretinf.o ABSOLUTE
    ../fplib/fpinit.s                        0x00000000   Number         0  fpinit.o ABSOLUTE
    ../fplib/usenofp.s                       0x00000000   Number         0  usenofp.o ABSOLUTE
    LED.c                                    0x00000000   Number         0  led.o ABSOLUTE
    SysClock.c                               0x00000000   Number         0  sysclock.o ABSOLUTE
    SysTick.c                                0x00000000   Number         0  systick.o ABSOLUTE
    UART.c                                   0x00000000   Number         0  uart.o ABSOLUTE
    audio.c                                  0x00000000   Number         0  audio.o ABSOLUTE
    dc.s                                     0x00000000   Number         0  dc.o ABSOLUTE
    main.c                                   0x00000000   Number         0  main.o ABSOLUTE
    sine.s                                   0x00000000   Number         0  sine.o ABSOLUTE
    startup_stm32l476xx.s                    0x00000000   Number         0  startup_stm32l476xx.o ABSOLUTE
    RESET                                    0x08000000   Section      392  startup_stm32l476xx.o(RESET)
    !!!main                                  0x08000188   Section        8  __main.o(!!!main)
    !!!scatter                               0x08000190   Section       52  __scatter.o(!!!scatter)
    !!dczerorl                               0x080001c4   Section       58  __dczerorl.o(!!dczerorl)
    !!handler_zi                             0x08000200   Section       28  __scatter_zi.o(!!handler_zi)
    .ARM.Collect$$_printf_percent$$00000000  0x0800021c   Section        0  _printf_percent.o(.ARM.Collect$$_printf_percent$$00000000)
    .ARM.Collect$$_printf_percent$$00000009  0x0800021c   Section        6  _printf_d.o(.ARM.Collect$$_printf_percent$$00000009)
    .ARM.Collect$$_printf_percent$$00000014  0x08000222   Section        6  _printf_s.o(.ARM.Collect$$_printf_percent$$00000014)
    .ARM.Collect$$_printf_percent$$00000017  0x08000228   Section        4  _printf_percent_end.o(.ARM.Collect$$_printf_percent$$00000017)
    .ARM.Collect$$libinit$$00000000          0x0800022c   Section        2  libinit.o(.ARM.Collect$$libinit$$00000000)
    .ARM.Collect$$libinit$$00000001          0x0800022e   Section        4  libinit2.o(.ARM.Collect$$libinit$$00000001)
    .ARM.Collect$$libinit$$00000004          0x08000232   Section        0  libinit2.o(.ARM.Collect$$libinit$$00000004)
    .ARM.Collect$$libinit$$0000000A          0x08000232   Section        0  libinit2.o(.ARM.Collect$$libinit$$0000000A)
    .ARM.Collect$$libinit$$0000000C          0x08000232   Section        0  libinit2.o(.ARM.Collect$$libinit$$0000000C)
    .ARM.Collect$$libinit$$0000000E          0x08000232   Section        0  libinit2.o(.ARM.Collect$$libinit$$0000000E)
    .ARM.Collect$$libinit$$00000011          0x08000232   Section        0  libinit2.o(.ARM.Collect$$libinit$$00000011)
    .ARM.Collect$$libinit$$00000013          0x08000232   Section        0  libinit2.o(.ARM.Collect$$libinit$$00000013)
    .ARM.Collect$$libinit$$00000015          0x08000232   Section        0  libinit2.o(.ARM.Collect$$libinit$$00000015)
    .ARM.Collect$$libinit$$00000017          0x08000232   Section        0  libinit2.o(.ARM.Collect$$libinit$$00000017)
    .ARM.Collect$$libinit$$00000019          0x08000232   Section        0  libinit2.o(.ARM.Collect$$libinit$$00000019)
    .ARM.Collect$$libinit$$0000001B          0x08000232   Section        0  libinit2.o(.ARM.Collect$$libinit$$0000001B)
    .ARM.Collect$$libinit$$0000001D          0x08000232   Section        0  libinit2.o(.ARM.Collect$$libinit$$0000001D)
    .ARM.Collect$$libinit$$0000001F          0x08000232   Section        0  libinit2.o(.ARM.Collect$$libinit$$0000001F)
    .ARM.Collect$$libinit$$00000021          0x08000232   Section        0  libinit2.o(.ARM.Collect$$libinit$$00000021)
    .ARM.Collect$$libinit$$00000023          0x08000232   Section        0  libinit2.o(.ARM.Collect$$libinit$$00000023)
    .ARM.Collect$$libinit$$00000025          0x08000232   Section        0  libinit2.o(.ARM.Collect$$libinit$$00000025)
    .ARM.Collect$$libinit$$0000002C          0x08000232   Section        0  libinit2.o(.ARM.Collect$$libinit$$0000002C)
    .ARM.Collect$$libinit$$0000002E          0x08000232   Section        0  libinit2.o(.ARM.Collect$$libinit$$0000002E)
    .ARM.Collect$$libinit$$00000030          0x08000232   Section        0  libinit2.o(.ARM.Collect$$libinit$$00000030)
    .ARM.Collect$$libinit$$00000032          0x08000232   Section        0  libinit2.o(.ARM.Collect$$libinit$$00000032)
    .ARM.Collect$$libinit$$00000033          0x08000232   Section        2  libinit2.o(.ARM.Collect$$libinit$$00000033)
    .ARM.Collect$$libshutdown$$00000000      0x08000234   Section        2  libshutdown.o(.ARM.Collect$$libshutdown$$00000000)
    .ARM.Collect$$libshutdown$$00000002      0x08000236   Section        0  libshutdown2.o(.ARM.Collect$$libshutdown$$00000002)
    .ARM.Collect$$libshutdown$$00000004      0x08000236   Section        0  libshutdown2.o(.ARM.Collect$$libshutdown$$00000004)
    .ARM.Collect$$libshutdown$$00000007      0x08000236   Section        0  libshutdown2.o(.ARM.Collect$$libshutdown$$00000007)
    .ARM.Collect$$libshutdown$$0000000A      0x08000236   Section        0  libshutdown2.o(.ARM.Collect$$libshutdown$$0000000A)
    .ARM.Collect$$libshutdown$$0000000C      0x08000236   Section        0  libshutdown2.o(.ARM.Collect$$libshutdown$$0000000C)
    .ARM.Collect$$libshutdown$$0000000F      0x08000236   Section        0  libshutdown2.o(.ARM.Collect$$libshutdown$$0000000F)
    .ARM.Collect$$libshutdown$$00000010      0x08000236   Section        2  libshutdown2.o(.ARM.Collect$$libshutdown$$00000010)
    .ARM.Collect$$rtentry$$00000000          0x08000238   Section        0  __rtentry.o(.ARM.Collect$$rtentry$$00000000)
    .ARM.Collect$$rtentry$$00000002          0x08000238   Section        0  __rtentry2.o(.ARM.Collect$$rtentry$$00000002)
    .ARM.Collect$$rtentry$$00000004          0x08000238   Section        6  __rtentry4.o(.ARM.Collect$$rtentry$$00000004)
    .ARM.Collect$$rtentry$$00000009          0x0800023e   Section        0  __rtentry2.o(.ARM.Collect$$rtentry$$00000009)
    .ARM.Collect$$rtentry$$0000000A          0x0800023e   Section        4  __rtentry2.o(.ARM.Collect$$rtentry$$0000000A)
    .ARM.Collect$$rtentry$$0000000C          0x08000242   Section        0  __rtentry2.o(.ARM.Collect$$rtentry$$0000000C)
    .ARM.Collect$$rtentry$$0000000D          0x08000242   Section        8  __rtentry2.o(.ARM.Collect$$rtentry$$0000000D)
    .ARM.Collect$$rtexit$$00000000           0x0800024a   Section        2  rtexit.o(.ARM.Collect$$rtexit$$00000000)
    .ARM.Collect$$rtexit$$00000002           0x0800024c   Section        0  rtexit2.o(.ARM.Collect$$rtexit$$00000002)
    .ARM.Collect$$rtexit$$00000003           0x0800024c   Section        4  rtexit2.o(.ARM.Collect$$rtexit$$00000003)
    .ARM.Collect$$rtexit$$00000004           0x08000250   Section        6  rtexit2.o(.ARM.Collect$$rtexit$$00000004)
    $v0                                      0x08000258   Number         0  startup_stm32l476xx.o(.text)
    .text                                    0x08000258   Section      132  startup_stm32l476xx.o(.text)
    .text                                    0x080002dc   Section        0  __2sprintf.o(.text)
    .text                                    0x08000308   Section        0  __printf.o(.text)
    .text                                    0x08000370   Section        0  _printf_str.o(.text)
    .text                                    0x080003c4   Section        0  _printf_dec.o(.text)
    .text                                    0x0800043c   Section      138  rt_memcpy_v6.o(.text)
    .text                                    0x080004c6   Section       78  rt_memclr_w.o(.text)
    .text                                    0x08000514   Section        0  heapauxi.o(.text)
    .text                                    0x0800051a   Section        0  _printf_intcommon.o(.text)
    _printf_input_char                       0x080005cd   Thumb Code    10  _printf_char_common.o(.text)
    .text                                    0x080005cc   Section        0  _printf_char_common.o(.text)
    .text                                    0x080005fc   Section        0  _sputc.o(.text)
    .text                                    0x08000606   Section        0  _printf_char.o(.text)
    .text                                    0x08000632   Section      100  rt_memcpy_w.o(.text)
    .text                                    0x08000696   Section       74  sys_stackheap_outer.o(.text)
    .text                                    0x080006e0   Section        0  exit.o(.text)
    .text                                    0x080006f4   Section        8  libspace.o(.text)
    .text                                    0x080006fc   Section        0  sys_exit.o(.text)
    .text                                    0x08000708   Section        2  use_no_semi.o(.text)
    .text                                    0x0800070a   Section        0  indicate_semi.o(.text)
    [Anonymous Symbol]                       0x0800070c   Section        0  audio.o(.text.DAC_Init)
    [Anonymous Symbol]                       0x08000770   Section        0  led.o(.text.Green_LED_Off)
    [Anonymous Symbol]                       0x08000784   Section        0  led.o(.text.Green_LED_On)
    [Anonymous Symbol]                       0x08000798   Section        0  main.o(.text.Joystick_Initialization)
    [Anonymous Symbol]                       0x080007cc   Section        0  led.o(.text.LED_Init)
    [Anonymous Symbol]                       0x08000860   Section        0  main.o(.text.NES_Init)
    [Anonymous Symbol]                       0x080008ac   Section        0  systick.o(.text.SysTick_Handler)
    [Anonymous Symbol]                       0x08000930   Section        0  systick.o(.text.SysTick_Init)
    [Anonymous Symbol]                       0x08000998   Section        0  sysclock.o(.text.System_Clock_Init)
    [Anonymous Symbol]                       0x08000ab8   Section        0  audio.o(.text.TIM4_IRQHandler)
    [Anonymous Symbol]                       0x08000b60   Section        0  audio.o(.text.TIM4_Init)
    [Anonymous Symbol]                       0x08000be8   Section        0  uart.o(.text.UART2_GPIO_Init)
    [Anonymous Symbol]                       0x08000c3c   Section        0  uart.o(.text.UART2_Init)
    [Anonymous Symbol]                       0x08000c74   Section        0  uart.o(.text.USART_Init)
    [Anonymous Symbol]                       0x08000d2c   Section        0  uart.o(.text.USART_Write)
    __NVIC_EnableIRQ                         0x08000d59   Thumb Code    16  audio.o(.text.__NVIC_EnableIRQ)
    [Anonymous Symbol]                       0x08000d58   Section        0  audio.o(.text.__NVIC_EnableIRQ)
    __NVIC_SetPriority                       0x08000d69   Thumb Code    14  systick.o(.text.__NVIC_SetPriority)
    [Anonymous Symbol]                       0x08000d68   Section        0  systick.o(.text.__NVIC_SetPriority)
    __NVIC_SetPriority                       0x08000d79   Thumb Code    14  audio.o(.text.__NVIC_SetPriority)
    [Anonymous Symbol]                       0x08000d78   Section        0  audio.o(.text.__NVIC_SetPriority)
    [Anonymous Symbol]                       0x08000d88   Section        0  main.o(.text.check_win)
    [Anonymous Symbol]                       0x08000eac   Section        0  audio.o(.text.delay)
    [Anonymous Symbol]                       0x08000ec0   Section        0  main.o(.text.disp_board)
    [Anonymous Symbol]                       0x080010e0   Section        0  main.o(.text.draw_logo)
    [Anonymous Symbol]                       0x08001214   Section        0  main.o(.text.get_column)
    [Anonymous Symbol]                       0x08001284   Section        0  main.o(.text.init_board)
    [Anonymous Symbol]                       0x08001298   Section        0  main.o(.text.main)
    [Anonymous Symbol]                       0x0800149c   Section        0  audio.o(.text.playsong)
    [Anonymous Symbol]                       0x08001504   Section        0  main.o(.text.reset_game)
    [Anonymous Symbol]                       0x080015c4   Section        0  main.o(.text.set_piece)
    [Anonymous Symbol]                       0x0800164c   Section        0  main.o(.text.wait_for_start_btn)
    $v0                                      0x0800165c   Number         0  sine.o(mySINE)
    mySINE                                   0x0800165c   Section       56  sine.o(mySINE)
    $v0                                      0x08001694   Number         0  daddsub_clz.o(x$fpl$dadd)
    x$fpl$dadd                               0x08001694   Section      336  daddsub_clz.o(x$fpl$dadd)
    _dadd1                                   0x080016a5   Thumb Code     0  daddsub_clz.o(x$fpl$dadd)
    $v0                                      0x080017e4   Number         0  dcmpi.o(x$fpl$dcmpinf)
    x$fpl$dcmpinf                            0x080017e4   Section       24  dcmpi.o(x$fpl$dcmpinf)
    $v0                                      0x080017fc   Number         0  deqf.o(x$fpl$deqf)
    x$fpl$deqf                               0x080017fc   Section      120  deqf.o(x$fpl$deqf)
    $v0                                      0x08001874   Number         0  dfix.o(x$fpl$dfix)
    x$fpl$dfix                               0x08001874   Section       94  dfix.o(x$fpl$dfix)
    $v0                                      0x080018d4   Number         0  dgeqf.o(x$fpl$dgeqf)
    x$fpl$dgeqf                              0x080018d4   Section      120  dgeqf.o(x$fpl$dgeqf)
    $v0                                      0x0800194c   Number         0  dleqf.o(x$fpl$dleqf)
    x$fpl$dleqf                              0x0800194c   Section      120  dleqf.o(x$fpl$dleqf)
    $v0                                      0x080019c4   Number         0  dnaninf.o(x$fpl$dnaninf)
    x$fpl$dnaninf                            0x080019c4   Section      156  dnaninf.o(x$fpl$dnaninf)
    $v0                                      0x08001a60   Number         0  dretinf.o(x$fpl$dretinf)
    x$fpl$dretinf                            0x08001a60   Section       12  dretinf.o(x$fpl$dretinf)
    $v0                                      0x08001a6c   Number         0  daddsub_clz.o(x$fpl$dsub)
    x$fpl$dsub                               0x08001a6c   Section      476  daddsub_clz.o(x$fpl$dsub)
    _dsub1                                   0x08001a7d   Thumb Code     0  daddsub_clz.o(x$fpl$dsub)
    $v0                                      0x08001c48   Number         0  dcmp.o(x$fpl$fcmp)
    x$fpl$fcmp                               0x08001c48   Section       84  dcmp.o(x$fpl$fcmp)
    $v0                                      0x08001c9c   Number         0  fpinit.o(x$fpl$fpinit)
    x$fpl$fpinit                             0x08001c9c   Section       26  fpinit.o(x$fpl$fpinit)
    .L.str.18                                0x08001cb6   Data           6  main.o(.rodata.str1.1)
    [Anonymous Symbol]                       0x08001cb6   Section        0  main.o(.rodata.str1.1)
    x$fpl$usenofp                            0x08001cb6   Section        0  usenofp.o(x$fpl$usenofp)
    .L.str.15                                0x08001cbc   Data          14  main.o(.rodata.str1.1)
    .L.str.16                                0x08001cca   Data          14  main.o(.rodata.str1.1)
    .L.str.26                                0x08001cd8   Data          57  main.o(.rodata.str1.4)
    [Anonymous Symbol]                       0x08001cd8   Section        0  main.o(.rodata.str1.4)
    .L.str.19                                0x08001d14   Data          37  main.o(.rodata.str1.4)
    .L.str                                   0x08001d3c   Data          52  main.o(.rodata.str1.4)
    .L.str.10                                0x08001d70   Data          43  main.o(.rodata.str1.4)
    .L.str.6                                 0x08001d9c   Data          53  main.o(.rodata.str1.4)
    .L.str.9                                 0x08001dd4   Data          53  main.o(.rodata.str1.4)
    .L.str.7                                 0x08001e0c   Data          53  main.o(.rodata.str1.4)
    .L.str.8                                 0x08001e44   Data          53  main.o(.rodata.str1.4)
    .L.str.1                                 0x08001e7c   Data          53  main.o(.rodata.str1.4)
    .L.str.4                                 0x08001eb4   Data          53  main.o(.rodata.str1.4)
    .L.str.2                                 0x08001eec   Data          53  main.o(.rodata.str1.4)
    .L.str.3                                 0x08001f24   Data          53  main.o(.rodata.str1.4)
    .L.str.5                                 0x08001f5c   Data          53  main.o(.rodata.str1.4)
    .L.str.25                                0x08001f94   Data          37  main.o(.rodata.str1.4)
    .L.str.30                                0x08001fbc   Data          28  main.o(.rodata.str1.4)
    .L.str.27                                0x08001fd8   Data          38  main.o(.rodata.str1.4)
    .L.str.11                                0x08002000   Data          62  main.o(.rodata.str1.4)
    sin_data                                 0x20001a68   Data           0  sine.o(myData)
    myData                                   0x20001a68   Section      364  sine.o(myData)
    .bss                                     0x20001bd8   Section       96  libspace.o(.bss)
    Heap_Mem                                 0x20002508   Data         512  startup_stm32l476xx.o(HEAP)
    HEAP                                     0x20002508   Section      512  startup_stm32l476xx.o(HEAP)
    Stack_Mem                                0x20002708   Data        1024  startup_stm32l476xx.o(STACK)
    STACK                                    0x20002708   Section     1024  startup_stm32l476xx.o(STACK)
    __initial_sp                             0x20002b08   Data           0  startup_stm32l476xx.o(STACK)

    Global Symbols

    Symbol Name                              Value     Ov Type        Size  Object(Section)

    BuildAttributes$$THM_ISAv4$E$P$D$K$B$S$7EM$VFPi3$EXTD16$VFPS$VFMA$PE$A:L22UL41UL21$X:L11$S22US41US21$IEEE1$IW$~IW$USESV6$~STKCKD$USESV7$~SHL$OTIME$ROPI$EBA8$UX$STANDARDLIB$REQ8$PRES8$EABIv2 0x00000000   Number         0  anon$$obj.o ABSOLUTE
    Image$$ER_IROM1$$RW$$Length              0x00000000   Number         0  anon$$obj.o ABSOLUTE
    Image$$ER_IROM1$$ZI$$Length              0x00000000   Number         0  anon$$obj.o ABSOLUTE
    Image$$RW_IRAM1$$RO$$Length              0x00000000   Number         0  anon$$obj.o ABSOLUTE
    _printf_flags                            0x00000000   Number         0  printf_stubs.o ABSOLUTE
    _printf_return_value                     0x00000000   Number         0  printf_stubs.o ABSOLUTE
    _printf_sizespec                         0x00000000   Number         0  printf_stubs.o ABSOLUTE
    _printf_widthprec                        0x00000000   Number         0  printf_stubs.o ABSOLUTE
    __ARM_exceptions_init                     - Undefined Weak Reference
    __alloca_initialize                       - Undefined Weak Reference
    __arm_preinit_                            - Undefined Weak Reference
    __cpp_initialize__aeabi_                  - Undefined Weak Reference
    __cxa_finalize                            - Undefined Weak Reference
    __rt_locale                               - Undefined Weak Reference
    __sigvec_lookup                           - Undefined Weak Reference
    _atexit_init                              - Undefined Weak Reference
    _call_atexit_fns                          - Undefined Weak Reference
    _clock_init                               - Undefined Weak Reference
    _fp_trap_init                             - Undefined Weak Reference
    _fp_trap_shutdown                         - Undefined Weak Reference
    _get_lc_collate                           - Undefined Weak Reference
    _get_lc_ctype                             - Undefined Weak Reference
    _get_lc_monetary                          - Undefined Weak Reference
    _get_lc_numeric                           - Undefined Weak Reference
    _get_lc_time                              - Undefined Weak Reference
    _getenv_init                              - Undefined Weak Reference
    _handle_redirection                       - Undefined Weak Reference
    _init_alloc                               - Undefined Weak Reference
    _init_user_alloc                          - Undefined Weak Reference
    _initio                                   - Undefined Weak Reference
    _printf_mbtowc                            - Undefined Weak Reference
    _printf_post_padding                      - Undefined Weak Reference
    _printf_pre_padding                       - Undefined Weak Reference
    _printf_truncate_signed                   - Undefined Weak Reference
    _printf_truncate_unsigned                 - Undefined Weak Reference
    _rand_init                                - Undefined Weak Reference
    _signal_finish                            - Undefined Weak Reference
    _signal_init                              - Undefined Weak Reference
    _terminate_alloc                          - Undefined Weak Reference
    _terminate_user_alloc                     - Undefined Weak Reference
    _terminateio                              - Undefined Weak Reference
    __Vectors_Size                           0x00000188   Number         0  startup_stm32l476xx.o ABSOLUTE
    Image$$RW_IRAM1$$ZI$$Length              0x00000f30   Number         0  anon$$obj.o ABSOLUTE
    Image$$RW_IRAM1$$Length                  0x00001bd8   Number         0  anon$$obj.o ABSOLUTE
    Image$$RW_IRAM1$$RW$$Length              0x00001bd8   Number         0  anon$$obj.o ABSOLUTE
    Image$$ER_IROM1$$RO$$Length              0x00002060   Number         0  anon$$obj.o ABSOLUTE
    Image$$ER_IROM1$$RO$$Base                0x08000000   Number         0  anon$$obj.o ABSOLUTE
    Load$$ER_IROM1$$Base                     0x08000000   Number         0  anon$$obj.o ABSOLUTE
    __Vectors                                0x08000000   Data           4  startup_stm32l476xx.o(RESET)
    __Vectors_End                            0x08000188   Data           0  startup_stm32l476xx.o(RESET)
    __main                                   0x08000189   Thumb Code     8  __main.o(!!!main)
    __scatterload                            0x08000191   Thumb Code     0  __scatter.o(!!!scatter)
    __scatterload_rt2                        0x08000191   Thumb Code    44  __scatter.o(!!!scatter)
    __scatterload_rt2_thumb_only             0x08000191   Thumb Code     0  __scatter.o(!!!scatter)
    __scatterload_null                       0x0800019f   Thumb Code     0  __scatter.o(!!!scatter)
    __decompress                             0x080001c5   Thumb Code    58  __dczerorl.o(!!dczerorl)
    __decompress0                            0x080001c5   Thumb Code     0  __dczerorl.o(!!dczerorl)
    __scatterload_zeroinit                   0x08000201   Thumb Code    28  __scatter_zi.o(!!handler_zi)
    _printf_d                                0x0800021d   Thumb Code     0  _printf_d.o(.ARM.Collect$$_printf_percent$$00000009)
    _printf_percent                          0x0800021d   Thumb Code     0  _printf_percent.o(.ARM.Collect$$_printf_percent$$00000000)
    _printf_s                                0x08000223   Thumb Code     0  _printf_s.o(.ARM.Collect$$_printf_percent$$00000014)
    _printf_percent_end                      0x08000229   Thumb Code     0  _printf_percent_end.o(.ARM.Collect$$_printf_percent$$00000017)
    __rt_lib_init                            0x0800022d   Thumb Code     0  libinit.o(.ARM.Collect$$libinit$$00000000)
    __rt_lib_init_fp_1                       0x0800022f   Thumb Code     0  libinit2.o(.ARM.Collect$$libinit$$00000001)
    __rt_lib_init_alloca_1                   0x08000233   Thumb Code     0  libinit2.o(.ARM.Collect$$libinit$$0000002E)
    __rt_lib_init_argv_1                     0x08000233   Thumb Code     0  libinit2.o(.ARM.Collect$$libinit$$0000002C)
    __rt_lib_init_atexit_1                   0x08000233   Thumb Code     0  libinit2.o(.ARM.Collect$$libinit$$0000001B)
    __rt_lib_init_clock_1                    0x08000233   Thumb Code     0  libinit2.o(.ARM.Collect$$libinit$$00000021)
    __rt_lib_init_cpp_1                      0x08000233   Thumb Code     0  libinit2.o(.ARM.Collect$$libinit$$00000032)
    __rt_lib_init_exceptions_1               0x08000233   Thumb Code     0  libinit2.o(.ARM.Collect$$libinit$$00000030)
    __rt_lib_init_fp_trap_1                  0x08000233   Thumb Code     0  libinit2.o(.ARM.Collect$$libinit$$0000001F)
    __rt_lib_init_getenv_1                   0x08000233   Thumb Code     0  libinit2.o(.ARM.Collect$$libinit$$00000023)
    __rt_lib_init_heap_1                     0x08000233   Thumb Code     0  libinit2.o(.ARM.Collect$$libinit$$0000000A)
    __rt_lib_init_lc_collate_1               0x08000233   Thumb Code     0  libinit2.o(.ARM.Collect$$libinit$$00000011)
    __rt_lib_init_lc_ctype_1                 0x08000233   Thumb Code     0  libinit2.o(.ARM.Collect$$libinit$$00000013)
    __rt_lib_init_lc_monetary_1              0x08000233   Thumb Code     0  libinit2.o(.ARM.Collect$$libinit$$00000015)
    __rt_lib_init_lc_numeric_1               0x08000233   Thumb Code     0  libinit2.o(.ARM.Collect$$libinit$$00000017)
    __rt_lib_init_lc_time_1                  0x08000233   Thumb Code     0  libinit2.o(.ARM.Collect$$libinit$$00000019)
    __rt_lib_init_preinit_1                  0x08000233   Thumb Code     0  libinit2.o(.ARM.Collect$$libinit$$00000004)
    __rt_lib_init_rand_1                     0x08000233   Thumb Code     0  libinit2.o(.ARM.Collect$$libinit$$0000000E)
    __rt_lib_init_return                     0x08000233   Thumb Code     0  libinit2.o(.ARM.Collect$$libinit$$00000033)
    __rt_lib_init_signal_1                   0x08000233   Thumb Code     0  libinit2.o(.ARM.Collect$$libinit$$0000001D)
    __rt_lib_init_stdio_1                    0x08000233   Thumb Code     0  libinit2.o(.ARM.Collect$$libinit$$00000025)
    __rt_lib_init_user_alloc_1               0x08000233   Thumb Code     0  libinit2.o(.ARM.Collect$$libinit$$0000000C)
    __rt_lib_shutdown                        0x08000235   Thumb Code     0  libshutdown.o(.ARM.Collect$$libshutdown$$00000000)
    __rt_lib_shutdown_cpp_1                  0x08000237   Thumb Code     0  libshutdown2.o(.ARM.Collect$$libshutdown$$00000002)
    __rt_lib_shutdown_fp_trap_1              0x08000237   Thumb Code     0  libshutdown2.o(.ARM.Collect$$libshutdown$$00000007)
    __rt_lib_shutdown_heap_1                 0x08000237   Thumb Code     0  libshutdown2.o(.ARM.Collect$$libshutdown$$0000000F)
    __rt_lib_shutdown_return                 0x08000237   Thumb Code     0  libshutdown2.o(.ARM.Collect$$libshutdown$$00000010)
    __rt_lib_shutdown_signal_1               0x08000237   Thumb Code     0  libshutdown2.o(.ARM.Collect$$libshutdown$$0000000A)
    __rt_lib_shutdown_stdio_1                0x08000237   Thumb Code     0  libshutdown2.o(.ARM.Collect$$libshutdown$$00000004)
    __rt_lib_shutdown_user_alloc_1           0x08000237   Thumb Code     0  libshutdown2.o(.ARM.Collect$$libshutdown$$0000000C)
    __rt_entry                               0x08000239   Thumb Code     0  __rtentry.o(.ARM.Collect$$rtentry$$00000000)
    __rt_entry_presh_1                       0x08000239   Thumb Code     0  __rtentry2.o(.ARM.Collect$$rtentry$$00000002)
    __rt_entry_sh                            0x08000239   Thumb Code     0  __rtentry4.o(.ARM.Collect$$rtentry$$00000004)
    __rt_entry_li                            0x0800023f   Thumb Code     0  __rtentry2.o(.ARM.Collect$$rtentry$$0000000A)
    __rt_entry_postsh_1                      0x0800023f   Thumb Code     0  __rtentry2.o(.ARM.Collect$$rtentry$$00000009)
    __rt_entry_main                          0x08000243   Thumb Code     0  __rtentry2.o(.ARM.Collect$$rtentry$$0000000D)
    __rt_entry_postli_1                      0x08000243   Thumb Code     0  __rtentry2.o(.ARM.Collect$$rtentry$$0000000C)
    __rt_exit                                0x0800024b   Thumb Code     0  rtexit.o(.ARM.Collect$$rtexit$$00000000)
    __rt_exit_ls                             0x0800024d   Thumb Code     0  rtexit2.o(.ARM.Collect$$rtexit$$00000003)
    __rt_exit_prels_1                        0x0800024d   Thumb Code     0  rtexit2.o(.ARM.Collect$$rtexit$$00000002)
    __rt_exit_exit                           0x08000251   Thumb Code     0  rtexit2.o(.ARM.Collect$$rtexit$$00000004)
    Reset_Handler                            0x08000259   Thumb Code    60  startup_stm32l476xx.o(.text)
    NMI_Handler                              0x08000295   Thumb Code     2  startup_stm32l476xx.o(.text)
    HardFault_Handler                        0x08000297   Thumb Code     2  startup_stm32l476xx.o(.text)
    MemManage_Handler                        0x08000299   Thumb Code     2  startup_stm32l476xx.o(.text)
    BusFault_Handler                         0x0800029b   Thumb Code     2  startup_stm32l476xx.o(.text)
    UsageFault_Handler                       0x0800029d   Thumb Code     2  startup_stm32l476xx.o(.text)
    SVC_Handler                              0x0800029f   Thumb Code     2  startup_stm32l476xx.o(.text)
    DebugMon_Handler                         0x080002a1   Thumb Code     2  startup_stm32l476xx.o(.text)
    PendSV_Handler                           0x080002a3   Thumb Code     2  startup_stm32l476xx.o(.text)
    ADC1_2_IRQHandler                        0x080002a7   Thumb Code     0  startup_stm32l476xx.o(.text)
    ADC3_IRQHandler                          0x080002a7   Thumb Code     0  startup_stm32l476xx.o(.text)
    CAN1_RX0_IRQHandler                      0x080002a7   Thumb Code     0  startup_stm32l476xx.o(.text)
    CAN1_RX1_IRQHandler                      0x080002a7   Thumb Code     0  startup_stm32l476xx.o(.text)
    CAN1_SCE_IRQHandler                      0x080002a7   Thumb Code     0  startup_stm32l476xx.o(.text)
    CAN1_TX_IRQHandler                       0x080002a7   Thumb Code     0  startup_stm32l476xx.o(.text)
    COMP_IRQHandler                          0x080002a7   Thumb Code     0  startup_stm32l476xx.o(.text)
    DFSDM0_IRQHandler                        0x080002a7   Thumb Code     0  startup_stm32l476xx.o(.text)
    DFSDM1_IRQHandler                        0x080002a7   Thumb Code     0  startup_stm32l476xx.o(.text)
    DFSDM2_IRQHandler                        0x080002a7   Thumb Code     0  startup_stm32l476xx.o(.text)
    DFSDM3_IRQHandler                        0x080002a7   Thumb Code     0  startup_stm32l476xx.o(.text)
    DMA1_Channel1_IRQHandler                 0x080002a7   Thumb Code     0  startup_stm32l476xx.o(.text)
    DMA1_Channel2_IRQHandler                 0x080002a7   Thumb Code     0  startup_stm32l476xx.o(.text)
    DMA1_Channel3_IRQHandler                 0x080002a7   Thumb Code     0  startup_stm32l476xx.o(.text)
    DMA1_Channel4_IRQHandler                 0x080002a7   Thumb Code     0  startup_stm32l476xx.o(.text)
    DMA1_Channel5_IRQHandler                 0x080002a7   Thumb Code     0  startup_stm32l476xx.o(.text)
    DMA1_Channel6_IRQHandler                 0x080002a7   Thumb Code     0  startup_stm32l476xx.o(.text)
    DMA1_Channel7_IRQHandler                 0x080002a7   Thumb Code     0  startup_stm32l476xx.o(.text)
    DMA2_Channel1_IRQHandler                 0x080002a7   Thumb Code     0  startup_stm32l476xx.o(.text)
    DMA2_Channel2_IRQHandler                 0x080002a7   Thumb Code     0  startup_stm32l476xx.o(.text)
    DMA2_Channel3_IRQHandler                 0x080002a7   Thumb Code     0  startup_stm32l476xx.o(.text)
    DMA2_Channel4_IRQHandler                 0x080002a7   Thumb Code     0  startup_stm32l476xx.o(.text)
    DMA2_Channel5_IRQHandler                 0x080002a7   Thumb Code     0  startup_stm32l476xx.o(.text)
    DMA2_Channel6_IRQHandler                 0x080002a7   Thumb Code     0  startup_stm32l476xx.o(.text)
    DMA2_Channel7_IRQHandler                 0x080002a7   Thumb Code     0  startup_stm32l476xx.o(.text)
    EXTI0_IRQHandler                         0x080002a7   Thumb Code     0  startup_stm32l476xx.o(.text)
    EXTI15_10_IRQHandler                     0x080002a7   Thumb Code     0  startup_stm32l476xx.o(.text)
    EXTI1_IRQHandler                         0x080002a7   Thumb Code     0  startup_stm32l476xx.o(.text)
    EXTI2_IRQHandler                         0x080002a7   Thumb Code     0  startup_stm32l476xx.o(.text)
    EXTI3_IRQHandler                         0x080002a7   Thumb Code     0  startup_stm32l476xx.o(.text)
    EXTI4_IRQHandler                         0x080002a7   Thumb Code     0  startup_stm32l476xx.o(.text)
    EXTI9_5_IRQHandler                       0x080002a7   Thumb Code     0  startup_stm32l476xx.o(.text)
    FLASH_IRQHandler                         0x080002a7   Thumb Code     0  startup_stm32l476xx.o(.text)
    FMC_IRQHandler                           0x080002a7   Thumb Code     0  startup_stm32l476xx.o(.text)
    FPU_IRQHandler                           0x080002a7   Thumb Code     0  startup_stm32l476xx.o(.text)
    I2C1_ER_IRQHandler                       0x080002a7   Thumb Code     0  startup_stm32l476xx.o(.text)
    I2C1_EV_IRQHandler                       0x080002a7   Thumb Code     0  startup_stm32l476xx.o(.text)
    I2C2_ER_IRQHandler                       0x080002a7   Thumb Code     0  startup_stm32l476xx.o(.text)
    I2C2_EV_IRQHandler                       0x080002a7   Thumb Code     0  startup_stm32l476xx.o(.text)
    I2C3_ER_IRQHandler                       0x080002a7   Thumb Code     0  startup_stm32l476xx.o(.text)
    I2C3_EV_IRQHandler                       0x080002a7   Thumb Code     0  startup_stm32l476xx.o(.text)
    LCD_IRQHandler                           0x080002a7   Thumb Code     0  startup_stm32l476xx.o(.text)
    LPTIM1_IRQHandler                        0x080002a7   Thumb Code     0  startup_stm32l476xx.o(.text)
    LPTIM2_IRQHandler                        0x080002a7   Thumb Code     0  startup_stm32l476xx.o(.text)
    LPUART1_IRQHandler                       0x080002a7   Thumb Code     0  startup_stm32l476xx.o(.text)
    OTG_FS_IRQHandler                        0x080002a7   Thumb Code     0  startup_stm32l476xx.o(.text)
    PVD_PVM_IRQHandler                       0x080002a7   Thumb Code     0  startup_stm32l476xx.o(.text)
    QUADSPI_IRQHandler                       0x080002a7   Thumb Code     0  startup_stm32l476xx.o(.text)
    RCC_IRQHandler                           0x080002a7   Thumb Code     0  startup_stm32l476xx.o(.text)
    RNG_IRQHandler                           0x080002a7   Thumb Code     0  startup_stm32l476xx.o(.text)
    RTC_Alarm_IRQHandler                     0x080002a7   Thumb Code     0  startup_stm32l476xx.o(.text)
    RTC_WKUP_IRQHandler                      0x080002a7   Thumb Code     0  startup_stm32l476xx.o(.text)
    SAI1_IRQHandler                          0x080002a7   Thumb Code     0  startup_stm32l476xx.o(.text)
    SAI2_IRQHandler                          0x080002a7   Thumb Code     0  startup_stm32l476xx.o(.text)
    SDMMC1_IRQHandler                        0x080002a7   Thumb Code     0  startup_stm32l476xx.o(.text)
    SPI1_IRQHandler                          0x080002a7   Thumb Code     0  startup_stm32l476xx.o(.text)
    SPI2_IRQHandler                          0x080002a7   Thumb Code     0  startup_stm32l476xx.o(.text)
    SPI3_IRQHandler                          0x080002a7   Thumb Code     0  startup_stm32l476xx.o(.text)
    SWPMI1_IRQHandler                        0x080002a7   Thumb Code     0  startup_stm32l476xx.o(.text)
    TAMP_STAMP_IRQHandler                    0x080002a7   Thumb Code     0  startup_stm32l476xx.o(.text)
    TIM1_BRK_TIM15_IRQHandler                0x080002a7   Thumb Code     0  startup_stm32l476xx.o(.text)
    TIM1_CC_IRQHandler                       0x080002a7   Thumb Code     0  startup_stm32l476xx.o(.text)
    TIM1_TRG_COM_TIM17_IRQHandler            0x080002a7   Thumb Code     0  startup_stm32l476xx.o(.text)
    TIM1_UP_TIM16_IRQHandler                 0x080002a7   Thumb Code     0  startup_stm32l476xx.o(.text)
    TIM2_IRQHandler                          0x080002a7   Thumb Code     0  startup_stm32l476xx.o(.text)
    TIM3_IRQHandler                          0x080002a7   Thumb Code     0  startup_stm32l476xx.o(.text)
    TIM5_IRQHandler                          0x080002a7   Thumb Code     0  startup_stm32l476xx.o(.text)
    TIM6_DAC_IRQHandler                      0x080002a7   Thumb Code     0  startup_stm32l476xx.o(.text)
    TIM7_IRQHandler                          0x080002a7   Thumb Code     0  startup_stm32l476xx.o(.text)
    TIM8_BRK_IRQHandler                      0x080002a7   Thumb Code     0  startup_stm32l476xx.o(.text)
    TIM8_CC_IRQHandler                       0x080002a7   Thumb Code     0  startup_stm32l476xx.o(.text)
    TIM8_TRG_COM_IRQHandler                  0x080002a7   Thumb Code     0  startup_stm32l476xx.o(.text)
    TIM8_UP_IRQHandler                       0x080002a7   Thumb Code     0  startup_stm32l476xx.o(.text)
    TSC_IRQHandler                           0x080002a7   Thumb Code     0  startup_stm32l476xx.o(.text)
    UART4_IRQHandler                         0x080002a7   Thumb Code     0  startup_stm32l476xx.o(.text)
    UART5_IRQHandler                         0x080002a7   Thumb Code     0  startup_stm32l476xx.o(.text)
    USART1_IRQHandler                        0x080002a7   Thumb Code     0  startup_stm32l476xx.o(.text)
    USART2_IRQHandler                        0x080002a7   Thumb Code     0  startup_stm32l476xx.o(.text)
    USART3_IRQHandler                        0x080002a7   Thumb Code     0  startup_stm32l476xx.o(.text)
    WWDG_IRQHandler                          0x080002a7   Thumb Code     0  startup_stm32l476xx.o(.text)
    __user_initial_stackheap                 0x080002a9   Thumb Code     0  startup_stm32l476xx.o(.text)
    __2sprintf                               0x080002dd   Thumb Code    38  __2sprintf.o(.text)
    __printf                                 0x08000309   Thumb Code   104  __printf.o(.text)
    _printf_str                              0x08000371   Thumb Code    82  _printf_str.o(.text)
    _printf_int_dec                          0x080003c5   Thumb Code   104  _printf_dec.o(.text)
    __aeabi_memcpy                           0x0800043d   Thumb Code     0  rt_memcpy_v6.o(.text)
    __rt_memcpy                              0x0800043d   Thumb Code   138  rt_memcpy_v6.o(.text)
    _memcpy_lastbytes                        0x080004a3   Thumb Code     0  rt_memcpy_v6.o(.text)
    __aeabi_memclr4                          0x080004c7   Thumb Code     0  rt_memclr_w.o(.text)
    __aeabi_memclr8                          0x080004c7   Thumb Code     0  rt_memclr_w.o(.text)
    __rt_memclr_w                            0x080004c7   Thumb Code     0  rt_memclr_w.o(.text)
    _memset_w                                0x080004cb   Thumb Code    74  rt_memclr_w.o(.text)
    __use_two_region_memory                  0x08000515   Thumb Code     2  heapauxi.o(.text)
    __rt_heap_escrow$2region                 0x08000517   Thumb Code     2  heapauxi.o(.text)
    __rt_heap_expand$2region                 0x08000519   Thumb Code     2  heapauxi.o(.text)
    _printf_int_common                       0x0800051b   Thumb Code   178  _printf_intcommon.o(.text)
    _printf_char_common                      0x080005d7   Thumb Code    32  _printf_char_common.o(.text)
    _sputc                                   0x080005fd   Thumb Code    10  _sputc.o(.text)
    _printf_cs_common                        0x08000607   Thumb Code    20  _printf_char.o(.text)
    _printf_char                             0x0800061b   Thumb Code    16  _printf_char.o(.text)
    _printf_string                           0x0800062b   Thumb Code     8  _printf_char.o(.text)
    __aeabi_memcpy4                          0x08000633   Thumb Code     0  rt_memcpy_w.o(.text)
    __aeabi_memcpy8                          0x08000633   Thumb Code     0  rt_memcpy_w.o(.text)
    __rt_memcpy_w                            0x08000633   Thumb Code   100  rt_memcpy_w.o(.text)
    _memcpy_lastbytes_aligned                0x0800067b   Thumb Code     0  rt_memcpy_w.o(.text)
    __user_setup_stackheap                   0x08000697   Thumb Code    74  sys_stackheap_outer.o(.text)
    exit                                     0x080006e1   Thumb Code    18  exit.o(.text)
    __user_libspace                          0x080006f5   Thumb Code     8  libspace.o(.text)
    __user_perproc_libspace                  0x080006f5   Thumb Code     0  libspace.o(.text)
    __user_perthread_libspace                0x080006f5   Thumb Code     0  libspace.o(.text)
    _sys_exit                                0x080006fd   Thumb Code     8  sys_exit.o(.text)
    __I$use$semihosting                      0x08000709   Thumb Code     0  use_no_semi.o(.text)
    __use_no_semihosting_swi                 0x08000709   Thumb Code     2  use_no_semi.o(.text)
    __semihosting_library_function           0x0800070b   Thumb Code     0  indicate_semi.o(.text)
    DAC_Init                                 0x0800070d   Thumb Code   100  audio.o(.text.DAC_Init)
    Green_LED_Off                            0x08000771   Thumb Code    18  led.o(.text.Green_LED_Off)
    Green_LED_On                             0x08000785   Thumb Code    18  led.o(.text.Green_LED_On)
    Joystick_Initialization                  0x08000799   Thumb Code    52  main.o(.text.Joystick_Initialization)
    LED_Init                                 0x080007cd   Thumb Code   146  led.o(.text.LED_Init)
    NES_Init                                 0x08000861   Thumb Code    74  main.o(.text.NES_Init)
    SysTick_Handler                          0x080008ad   Thumb Code   130  systick.o(.text.SysTick_Handler)
    SysTick_Init                             0x08000931   Thumb Code   102  systick.o(.text.SysTick_Init)
    System_Clock_Init                        0x08000999   Thumb Code   284  sysclock.o(.text.System_Clock_Init)
    TIM4_IRQHandler                          0x08000ab9   Thumb Code   168  audio.o(.text.TIM4_IRQHandler)
    TIM4_Init                                0x08000b61   Thumb Code   134  audio.o(.text.TIM4_Init)
    UART2_GPIO_Init                          0x08000be9   Thumb Code    82  uart.o(.text.UART2_GPIO_Init)
    UART2_Init                               0x08000c3d   Thumb Code    56  uart.o(.text.UART2_Init)
    USART_Init                               0x08000c75   Thumb Code   184  uart.o(.text.USART_Init)
    USART_Write                              0x08000d2d   Thumb Code    44  uart.o(.text.USART_Write)
    check_win                                0x08000d89   Thumb Code   292  main.o(.text.check_win)
    delay                                    0x08000ead   Thumb Code    20  audio.o(.text.delay)
    disp_board                               0x08000ec1   Thumb Code   488  main.o(.text.disp_board)
    draw_logo                                0x080010e1   Thumb Code   300  main.o(.text.draw_logo)
    get_column                               0x08001215   Thumb Code   112  main.o(.text.get_column)
    init_board                               0x08001285   Thumb Code    18  main.o(.text.init_board)
    main                                     0x08001299   Thumb Code   448  main.o(.text.main)
    playsong                                 0x0800149d   Thumb Code   102  audio.o(.text.playsong)
    reset_game                               0x08001505   Thumb Code   192  main.o(.text.reset_game)
    set_piece                                0x080015c5   Thumb Code   134  main.o(.text.set_piece)
    wait_for_start_btn                       0x0800164d   Thumb Code    16  main.o(.text.wait_for_start_btn)
    sine                                     0x0800165d   Thumb Code    52  sine.o(mySINE)
    __aeabi_dadd                             0x08001695   Thumb Code     0  daddsub_clz.o(x$fpl$dadd)
    _dadd                                    0x08001695   Thumb Code   332  daddsub_clz.o(x$fpl$dadd)
    __fpl_dcmp_Inf                           0x080017e5   Thumb Code    24  dcmpi.o(x$fpl$dcmpinf)
    __aeabi_cdcmpeq                          0x080017fd   Thumb Code     0  deqf.o(x$fpl$deqf)
    _dcmpeq                                  0x080017fd   Thumb Code   120  deqf.o(x$fpl$deqf)
    __aeabi_d2iz                             0x08001875   Thumb Code     0  dfix.o(x$fpl$dfix)
    _dfix                                    0x08001875   Thumb Code    94  dfix.o(x$fpl$dfix)
    __aeabi_cdcmpge                          0x080018d5   Thumb Code     0  dgeqf.o(x$fpl$dgeqf)
    _dcmpge                                  0x080018d5   Thumb Code   120  dgeqf.o(x$fpl$dgeqf)
    __aeabi_cdcmple                          0x0800194d   Thumb Code     0  dleqf.o(x$fpl$dleqf)
    _dcmple                                  0x0800194d   Thumb Code   120  dleqf.o(x$fpl$dleqf)
    __fpl_dcmple_InfNaN                      0x080019af   Thumb Code     0  dleqf.o(x$fpl$dleqf)
    __fpl_dnaninf                            0x080019c5   Thumb Code   156  dnaninf.o(x$fpl$dnaninf)
    __fpl_dretinf                            0x08001a61   Thumb Code    12  dretinf.o(x$fpl$dretinf)
    __aeabi_dsub                             0x08001a6d   Thumb Code     0  daddsub_clz.o(x$fpl$dsub)
    _dsub                                    0x08001a6d   Thumb Code   472  daddsub_clz.o(x$fpl$dsub)
    __aeabi_dcmpeq                           0x08001c49   Thumb Code     0  dcmp.o(x$fpl$fcmp)
    _deq                                     0x08001c49   Thumb Code    14  dcmp.o(x$fpl$fcmp)
    _dneq                                    0x08001c57   Thumb Code    14  dcmp.o(x$fpl$fcmp)
    __aeabi_dcmpgt                           0x08001c65   Thumb Code     0  dcmp.o(x$fpl$fcmp)
    _dgr                                     0x08001c65   Thumb Code    14  dcmp.o(x$fpl$fcmp)
    __aeabi_dcmpge                           0x08001c73   Thumb Code     0  dcmp.o(x$fpl$fcmp)
    _dgeq                                    0x08001c73   Thumb Code    14  dcmp.o(x$fpl$fcmp)
    __aeabi_dcmple                           0x08001c81   Thumb Code     0  dcmp.o(x$fpl$fcmp)
    _dleq                                    0x08001c81   Thumb Code    14  dcmp.o(x$fpl$fcmp)
    __aeabi_dcmplt                           0x08001c8f   Thumb Code     0  dcmp.o(x$fpl$fcmp)
    _dls                                     0x08001c8f   Thumb Code    14  dcmp.o(x$fpl$fcmp)
    _fp_init                                 0x08001c9d   Thumb Code    26  fpinit.o(x$fpl$fpinit)
    __fplib_config_fpu_vfp                   0x08001cb5   Thumb Code     0  fpinit.o(x$fpl$fpinit)
    __fplib_config_pureend_doubles           0x08001cb5   Thumb Code     0  fpinit.o(x$fpl$fpinit)
    __I$use$fp                               0x08001cb6   Number         0  usenofp.o(x$fpl$usenofp)
    Region$$Table$$Base                      0x08002040   Number         0  anon$$obj.o(Region$$Table)
    Image$$ER_IROM1$$RO$$Limit               0x08002060   Number         0  anon$$obj.o ABSOLUTE
    Image$$ER_IROM1$$RW$$Base                0x08002060   Number         0  anon$$obj.o ABSOLUTE
    Image$$ER_IROM1$$RW$$Limit               0x08002060   Number         0  anon$$obj.o ABSOLUTE
    Image$$ER_IROM1$$ZI$$Base                0x08002060   Number         0  anon$$obj.o ABSOLUTE
    Image$$ER_IROM1$$ZI$$Limit               0x08002060   Number         0  anon$$obj.o ABSOLUTE
    Load$$RW_IRAM1$$Base                     0x08002060   Number         0  anon$$obj.o ABSOLUTE
    Region$$Table$$Limit                     0x08002060   Number         0  anon$$obj.o(Region$$Table)
    Image$$RW_IRAM1$$Base                    0x20000000   Number         0  anon$$obj.o ABSOLUTE
    Image$$RW_IRAM1$$RO$$Base                0x20000000   Number         0  anon$$obj.o ABSOLUTE
    Image$$RW_IRAM1$$RW$$Base                0x20000000   Number         0  anon$$obj.o ABSOLUTE
    full                                     0x20000000   Data        1688  main.o(.data.full)
    left_right                               0x20000698   Data        1688  main.o(.data.left_right)
    place                                    0x20000d30   Data        1688  main.o(.data.place)
    volume                                   0x200013c8   Data           4  audio.o(.data.volume)
    win_song                                 0x200013d0   Data        1688  main.o(.data.win_song)
    Image$$RW_IRAM1$$Limit                   0x20001bd8   Number         0  anon$$obj.o ABSOLUTE
    Image$$RW_IRAM1$$RW$$Limit               0x20001bd8   Number         0  anon$$obj.o ABSOLUTE
    Image$$RW_IRAM1$$ZI$$Base                0x20001bd8   Number         0  anon$$obj.o ABSOLUTE
    __libspace_start                         0x20001bd8   Data          96  libspace.o(.bss)
    TimingDelay                              0x20001c38   Data           4  audio.o(.bss.TimingDelay)
    __temporary_stack_top$libspace           0x20001c38   Data           0  libspace.o(.bss)
    angle                                    0x20001c40   Data           8  audio.o(.bss.angle)
    board                                    0x20001c48   Data         168  main.o(.bss.board)
    buffer                                   0x20001cf0   Data        2048  main.o(.bss.buffer)
    msec                                     0x200024f0   Data           4  systick.o(.bss.msec)
    nes_controls                             0x200024f4   Data           8  systick.o(.bss.nes_controls)
    v                                        0x20002500   Data           8  audio.o(.bss.v)
    Image$$RW_IRAM1$$ZI$$Limit               0x20002b08   Number         0  anon$$obj.o ABSOLUTE



==============================================================================

Memory Map of the image

  Image Entry point : 0x08000189

  Load Region LR_IROM1 (Base: 0x08000000, Size: 0x00003c38, Max: 0x00100000, ABSOLUTE, COMPRESSED[0x00002210])

    Execution Region ER_IROM1 (Exec base: 0x08000000, Load base: 0x08000000, Size: 0x00002060, Max: 0x00100000, ABSOLUTE)

    Exec Addr    Load Addr    Size         Type   Attr      Idx    E Section Name        Object

    0x08000000   0x08000000   0x00000188   Data   RO           44    RESET               startup_stm32l476xx.o
    0x08000188   0x08000188   0x00000008   Code   RO          191  * !!!main             c_w.l(__main.o)
    0x08000190   0x08000190   0x00000034   Code   RO          394    !!!scatter          c_w.l(__scatter.o)
    0x080001c4   0x080001c4   0x0000003a   Code   RO          392    !!dczerorl          c_w.l(__dczerorl.o)
    0x080001fe   0x080001fe   0x00000002   PAD
    0x08000200   0x08000200   0x0000001c   Code   RO          396    !!handler_zi        c_w.l(__scatter_zi.o)
    0x0800021c   0x0800021c   0x00000000   Code   RO          184    .ARM.Collect$$_printf_percent$$00000000  c_w.l(_printf_percent.o)
    0x0800021c   0x0800021c   0x00000006   Code   RO          183    .ARM.Collect$$_printf_percent$$00000009  c_w.l(_printf_d.o)
    0x08000222   0x08000222   0x00000006   Code   RO          182    .ARM.Collect$$_printf_percent$$00000014  c_w.l(_printf_s.o)
    0x08000228   0x08000228   0x00000004   Code   RO          214    .ARM.Collect$$_printf_percent$$00000017  c_w.l(_printf_percent_end.o)
    0x0800022c   0x0800022c   0x00000002   Code   RO          256    .ARM.Collect$$libinit$$00000000  c_w.l(libinit.o)
    0x0800022e   0x0800022e   0x00000004   Code   RO          262    .ARM.Collect$$libinit$$00000001  c_w.l(libinit2.o)
    0x08000232   0x08000232   0x00000000   Code   RO          265    .ARM.Collect$$libinit$$00000004  c_w.l(libinit2.o)
    0x08000232   0x08000232   0x00000000   Code   RO          268    .ARM.Collect$$libinit$$0000000A  c_w.l(libinit2.o)
    0x08000232   0x08000232   0x00000000   Code   RO          270    .ARM.Collect$$libinit$$0000000C  c_w.l(libinit2.o)
    0x08000232   0x08000232   0x00000000   Code   RO          272    .ARM.Collect$$libinit$$0000000E  c_w.l(libinit2.o)
    0x08000232   0x08000232   0x00000000   Code   RO          275    .ARM.Collect$$libinit$$00000011  c_w.l(libinit2.o)
    0x08000232   0x08000232   0x00000000   Code   RO          277    .ARM.Collect$$libinit$$00000013  c_w.l(libinit2.o)
    0x08000232   0x08000232   0x00000000   Code   RO          279    .ARM.Collect$$libinit$$00000015  c_w.l(libinit2.o)
    0x08000232   0x08000232   0x00000000   Code   RO          281    .ARM.Collect$$libinit$$00000017  c_w.l(libinit2.o)
    0x08000232   0x08000232   0x00000000   Code   RO          283    .ARM.Collect$$libinit$$00000019  c_w.l(libinit2.o)
    0x08000232   0x08000232   0x00000000   Code   RO          285    .ARM.Collect$$libinit$$0000001B  c_w.l(libinit2.o)
    0x08000232   0x08000232   0x00000000   Code   RO          287    .ARM.Collect$$libinit$$0000001D  c_w.l(libinit2.o)
    0x08000232   0x08000232   0x00000000   Code   RO          289    .ARM.Collect$$libinit$$0000001F  c_w.l(libinit2.o)
    0x08000232   0x08000232   0x00000000   Code   RO          291    .ARM.Collect$$libinit$$00000021  c_w.l(libinit2.o)
    0x08000232   0x08000232   0x00000000   Code   RO          293    .ARM.Collect$$libinit$$00000023  c_w.l(libinit2.o)
    0x08000232   0x08000232   0x00000000   Code   RO          295    .ARM.Collect$$libinit$$00000025  c_w.l(libinit2.o)
    0x08000232   0x08000232   0x00000000   Code   RO          299    .ARM.Collect$$libinit$$0000002C  c_w.l(libinit2.o)
    0x08000232   0x08000232   0x00000000   Code   RO          301    .ARM.Collect$$libinit$$0000002E  c_w.l(libinit2.o)
    0x08000232   0x08000232   0x00000000   Code   RO          303    .ARM.Collect$$libinit$$00000030  c_w.l(libinit2.o)
    0x08000232   0x08000232   0x00000000   Code   RO          305    .ARM.Collect$$libinit$$00000032  c_w.l(libinit2.o)
    0x08000232   0x08000232   0x00000002   Code   RO          306    .ARM.Collect$$libinit$$00000033  c_w.l(libinit2.o)
    0x08000234   0x08000234   0x00000002   Code   RO          328    .ARM.Collect$$libshutdown$$00000000  c_w.l(libshutdown.o)
    0x08000236   0x08000236   0x00000000   Code   RO          343    .ARM.Collect$$libshutdown$$00000002  c_w.l(libshutdown2.o)
    0x08000236   0x08000236   0x00000000   Code   RO          345    .ARM.Collect$$libshutdown$$00000004  c_w.l(libshutdown2.o)
    0x08000236   0x08000236   0x00000000   Code   RO          348    .ARM.Collect$$libshutdown$$00000007  c_w.l(libshutdown2.o)
    0x08000236   0x08000236   0x00000000   Code   RO          351    .ARM.Collect$$libshutdown$$0000000A  c_w.l(libshutdown2.o)
    0x08000236   0x08000236   0x00000000   Code   RO          353    .ARM.Collect$$libshutdown$$0000000C  c_w.l(libshutdown2.o)
    0x08000236   0x08000236   0x00000000   Code   RO          356    .ARM.Collect$$libshutdown$$0000000F  c_w.l(libshutdown2.o)
    0x08000236   0x08000236   0x00000002   Code   RO          357    .ARM.Collect$$libshutdown$$00000010  c_w.l(libshutdown2.o)
    0x08000238   0x08000238   0x00000000   Code   RO          205    .ARM.Collect$$rtentry$$00000000  c_w.l(__rtentry.o)
    0x08000238   0x08000238   0x00000000   Code   RO          229    .ARM.Collect$$rtentry$$00000002  c_w.l(__rtentry2.o)
    0x08000238   0x08000238   0x00000006   Code   RO          241    .ARM.Collect$$rtentry$$00000004  c_w.l(__rtentry4.o)
    0x0800023e   0x0800023e   0x00000000   Code   RO          231    .ARM.Collect$$rtentry$$00000009  c_w.l(__rtentry2.o)
    0x0800023e   0x0800023e   0x00000004   Code   RO          232    .ARM.Collect$$rtentry$$0000000A  c_w.l(__rtentry2.o)
    0x08000242   0x08000242   0x00000000   Code   RO          234    .ARM.Collect$$rtentry$$0000000C  c_w.l(__rtentry2.o)
    0x08000242   0x08000242   0x00000008   Code   RO          235    .ARM.Collect$$rtentry$$0000000D  c_w.l(__rtentry2.o)
    0x0800024a   0x0800024a   0x00000002   Code   RO          260    .ARM.Collect$$rtexit$$00000000  c_w.l(rtexit.o)
    0x0800024c   0x0800024c   0x00000000   Code   RO          308    .ARM.Collect$$rtexit$$00000002  c_w.l(rtexit2.o)
    0x0800024c   0x0800024c   0x00000004   Code   RO          309    .ARM.Collect$$rtexit$$00000003  c_w.l(rtexit2.o)
    0x08000250   0x08000250   0x00000006   Code   RO          310    .ARM.Collect$$rtexit$$00000004  c_w.l(rtexit2.o)
    0x08000256   0x08000256   0x00000002   PAD
    0x08000258   0x08000258   0x00000084   Code   RO           45    .text               startup_stm32l476xx.o
    0x080002dc   0x080002dc   0x0000002c   Code   RO          152    .text               c_w.l(__2sprintf.o)
    0x08000308   0x08000308   0x00000068   Code   RO          156    .text               c_w.l(__printf.o)
    0x08000370   0x08000370   0x00000052   Code   RO          158    .text               c_w.l(_printf_str.o)
    0x080003c2   0x080003c2   0x00000002   PAD
    0x080003c4   0x080003c4   0x00000078   Code   RO          160    .text               c_w.l(_printf_dec.o)
    0x0800043c   0x0800043c   0x0000008a   Code   RO          185    .text               c_w.l(rt_memcpy_v6.o)
    0x080004c6   0x080004c6   0x0000004e   Code   RO          187    .text               c_w.l(rt_memclr_w.o)
    0x08000514   0x08000514   0x00000006   Code   RO          189    .text               c_w.l(heapauxi.o)
    0x0800051a   0x0800051a   0x000000b2   Code   RO          206    .text               c_w.l(_printf_intcommon.o)
    0x080005cc   0x080005cc   0x00000030   Code   RO          208    .text               c_w.l(_printf_char_common.o)
    0x080005fc   0x080005fc   0x0000000a   Code   RO          210    .text               c_w.l(_sputc.o)
    0x08000606   0x08000606   0x0000002c   Code   RO          212    .text               c_w.l(_printf_char.o)
    0x08000632   0x08000632   0x00000064   Code   RO          215    .text               c_w.l(rt_memcpy_w.o)
    0x08000696   0x08000696   0x0000004a   Code   RO          247    .text               c_w.l(sys_stackheap_outer.o)
    0x080006e0   0x080006e0   0x00000012   Code   RO          249    .text               c_w.l(exit.o)
    0x080006f2   0x080006f2   0x00000002   PAD
    0x080006f4   0x080006f4   0x00000008   Code   RO          257    .text               c_w.l(libspace.o)
    0x080006fc   0x080006fc   0x0000000c   Code   RO          318    .text               c_w.l(sys_exit.o)
    0x08000708   0x08000708   0x00000002   Code   RO          333    .text               c_w.l(use_no_semi.o)
    0x0800070a   0x0800070a   0x00000000   Code   RO          335    .text               c_w.l(indicate_semi.o)
    0x0800070a   0x0800070a   0x00000002   PAD
    0x0800070c   0x0800070c   0x00000064   Code   RO          120    .text.DAC_Init      audio.o
    0x08000770   0x08000770   0x00000012   Code   RO           62    .text.Green_LED_Off  led.o
    0x08000782   0x08000782   0x00000002   PAD
    0x08000784   0x08000784   0x00000012   Code   RO           60    .text.Green_LED_On  led.o
    0x08000796   0x08000796   0x00000002   PAD
    0x08000798   0x08000798   0x00000034   Code   RO           18    .text.Joystick_Initialization  main.o
    0x080007cc   0x080007cc   0x00000092   Code   RO           52    .text.LED_Init      led.o
    0x0800085e   0x0800085e   0x00000002   PAD
    0x08000860   0x08000860   0x0000004a   Code   RO           20    .text.NES_Init      main.o
    0x080008aa   0x080008aa   0x00000002   PAD
    0x080008ac   0x080008ac   0x00000082   Code   RO          108    .text.SysTick_Handler  systick.o
    0x0800092e   0x0800092e   0x00000002   PAD
    0x08000930   0x08000930   0x00000066   Code   RO          104    .text.SysTick_Init  systick.o
    0x08000996   0x08000996   0x00000002   PAD
    0x08000998   0x08000998   0x0000011c   Code   RO           73    .text.System_Clock_Init  sysclock.o
    0x08000ab4   0x08000ab4   0x00000004   PAD
    0x08000ab8   0x08000ab8   0x000000a8   Code   RO          128    .text.TIM4_IRQHandler  audio.o
    0x08000b60   0x08000b60   0x00000086   Code   RO          122    .text.TIM4_Init     audio.o
    0x08000be6   0x08000be6   0x00000002   PAD
    0x08000be8   0x08000be8   0x00000052   Code   RO           84    .text.UART2_GPIO_Init  uart.o
    0x08000c3a   0x08000c3a   0x00000002   PAD
    0x08000c3c   0x08000c3c   0x00000038   Code   RO           82    .text.UART2_Init    uart.o
    0x08000c74   0x08000c74   0x000000b8   Code   RO           86    .text.USART_Init    uart.o
    0x08000d2c   0x08000d2c   0x0000002c   Code   RO           90    .text.USART_Write   uart.o
    0x08000d58   0x08000d58   0x00000010   Code   RO          126    .text.__NVIC_EnableIRQ  audio.o
    0x08000d68   0x08000d68   0x0000000e   Code   RO          106    .text.__NVIC_SetPriority  systick.o
    0x08000d76   0x08000d76   0x00000002   PAD
    0x08000d78   0x08000d78   0x0000000e   Code   RO          124    .text.__NVIC_SetPriority  audio.o
    0x08000d86   0x08000d86   0x00000002   PAD
    0x08000d88   0x08000d88   0x00000124   Code   RO            8    .text.check_win     main.o
    0x08000eac   0x08000eac   0x00000014   Code   RO          130    .text.delay         audio.o
    0x08000ec0   0x08000ec0   0x0000021e   Code   RO            6    .text.disp_board    main.o
    0x080010de   0x080010de   0x00000002   PAD
    0x080010e0   0x080010e0   0x00000132   Code   RO            4    .text.draw_logo     main.o
    0x08001212   0x08001212   0x00000002   PAD
    0x08001214   0x08001214   0x00000070   Code   RO           14    .text.get_column    main.o
    0x08001284   0x08001284   0x00000012   Code   RO            2    .text.init_board    main.o
    0x08001296   0x08001296   0x00000002   PAD
    0x08001298   0x08001298   0x00000204   Code   RO           24    .text.main          main.o
    0x0800149c   0x0800149c   0x00000066   Code   RO          132    .text.playsong      audio.o
    0x08001502   0x08001502   0x00000002   PAD
    0x08001504   0x08001504   0x000000c0   Code   RO           22    .text.reset_game    main.o
    0x080015c4   0x080015c4   0x00000086   Code   RO           10    .text.set_piece     main.o
    0x0800164a   0x0800164a   0x00000002   PAD
    0x0800164c   0x0800164c   0x00000010   Code   RO           12    .text.wait_for_start_btn  main.o
    0x0800165c   0x0800165c   0x00000038   Code   RO          145    mySINE              sine.o
    0x08001694   0x08001694   0x00000150   Code   RO          193    x$fpl$dadd          fz_wm.l(daddsub_clz.o)
    0x080017e4   0x080017e4   0x00000018   Code   RO          245    x$fpl$dcmpinf       fz_wm.l(dcmpi.o)
    0x080017fc   0x080017fc   0x00000078   Code   RO          217    x$fpl$deqf          fz_wm.l(deqf.o)
    0x08001874   0x08001874   0x0000005e   Code   RO          201    x$fpl$dfix          fz_wm.l(dfix.o)
    0x080018d2   0x080018d2   0x00000002   PAD
    0x080018d4   0x080018d4   0x00000078   Code   RO          219    x$fpl$dgeqf         fz_wm.l(dgeqf.o)
    0x0800194c   0x0800194c   0x00000078   Code   RO          221    x$fpl$dleqf         fz_wm.l(dleqf.o)
    0x080019c4   0x080019c4   0x0000009c   Code   RO          223    x$fpl$dnaninf       fz_wm.l(dnaninf.o)
    0x08001a60   0x08001a60   0x0000000c   Code   RO          225    x$fpl$dretinf       fz_wm.l(dretinf.o)
    0x08001a6c   0x08001a6c   0x000001dc   Code   RO          195    x$fpl$dsub          fz_wm.l(daddsub_clz.o)
    0x08001c48   0x08001c48   0x00000054   Code   RO          199    x$fpl$fcmp          fz_wm.l(dcmp.o)
    0x08001c9c   0x08001c9c   0x0000001a   Code   RO          316    x$fpl$fpinit        fz_wm.l(fpinit.o)
    0x08001cb6   0x08001cb6   0x00000000   Code   RO          227    x$fpl$usenofp       fz_wm.l(usenofp.o)
    0x08001cb6   0x08001cb6   0x00000022   Data   RO           33    .rodata.str1.1      main.o
    0x08001cd8   0x08001cd8   0x00000366   Data   RO           32    .rodata.str1.4      main.o
    0x0800203e   0x0800203e   0x00000002   PAD
    0x08002040   0x08002040   0x00000020   Data   RO          391    Region$$Table       anon$$obj.o


    Execution Region RW_IRAM1 (Exec base: 0x20000000, Load base: 0x08002060, Size: 0x00002b08, Max: 0x00018000, ABSOLUTE, COMPRESSED[0x000001b0])

    Exec Addr    Load Addr    Size         Type   Attr      Idx    E Section Name        Object

    0x20000000   COMPRESSED   0x00000698   Data   RW           27    .data.full          main.o
    0x20000698   COMPRESSED   0x00000698   Data   RW           26    .data.left_right    main.o
    0x20000d30   COMPRESSED   0x00000698   Data   RW           28    .data.place         main.o
    0x200013c8   COMPRESSED   0x00000004   Data   RW          136    .data.volume        audio.o
    0x200013cc   COMPRESSED   0x00000004   PAD
    0x200013d0   COMPRESSED   0x00000698   Data   RW           29    .data.win_song      main.o
    0x20001a68   COMPRESSED   0x0000016c   Data   RW          146    myData              sine.o
    0x20001bd4   COMPRESSED   0x00000004   PAD
    0x20001bd8        -       0x00000060   Zero   RW          258    .bss                c_w.l(libspace.o)
    0x20001c38        -       0x00000004   Zero   RW          137    .bss.TimingDelay    audio.o
    0x20001c3c   COMPRESSED   0x00000004   PAD
    0x20001c40        -       0x00000008   Zero   RW          135    .bss.angle          audio.o
    0x20001c48        -       0x000000a8   Zero   RW           30    .bss.board          main.o
    0x20001cf0        -       0x00000800   Zero   RW           31    .bss.buffer         main.o
    0x200024f0        -       0x00000004   Zero   RW          110    .bss.msec           systick.o
    0x200024f4        -       0x00000008   Zero   RW          111    .bss.nes_controls   systick.o
    0x200024fc   COMPRESSED   0x00000004   PAD
    0x20002500        -       0x00000008   Zero   RW          134    .bss.v              audio.o
    0x20002508        -       0x00000200   Zero   RW           43    HEAP                startup_stm32l476xx.o
    0x20002708        -       0x00000400   Zero   RW           42    STACK               startup_stm32l476xx.o


==============================================================================

Image component sizes


      Code (inc. data)   RO Data    RW Data    ZI Data      Debug   Object Name

       554         16          0          4         20       6751   audio.o
       182          0          0          0          0       2157   led.o
      2254        116        904       6752       2216       7609   main.o
        56          4          0        364          0        308   sine.o
       132         42        392          0       1536        820   startup_stm32l476xx.o
       284          0          0          0          0       1970   sysclock.o
       246          0          0          0         12       5359   systick.o
       366          0          0          0          0       3286   uart.o

    ----------------------------------------------------------------------
      4108        178       1330       7124       3796      28260   Object Totals
         0          0         32          0          0          0   (incl. Generated)
        34          0          2          4         12          0   (incl. Padding)

    ----------------------------------------------------------------------

      Code (inc. data)   RO Data    RW Data    ZI Data      Debug   Library Member Name

        44          6          0          0          0         84   __2sprintf.o
        58          0          0          0          0          0   __dczerorl.o
         8          0          0          0          0         68   __main.o
       104          0          0          0          0         84   __printf.o
         0          0          0          0          0          0   __rtentry.o
        12          0          0          0          0          0   __rtentry2.o
         6          0          0          0          0          0   __rtentry4.o
        52          8          0          0          0          0   __scatter.o
        28          0          0          0          0          0   __scatter_zi.o
        44          0          0          0          0        108   _printf_char.o
        48          6          0          0          0         96   _printf_char_common.o
         6          0          0          0          0          0   _printf_d.o
       120         16          0          0          0         92   _printf_dec.o
       178          0          0          0          0         88   _printf_intcommon.o
         0          0          0          0          0          0   _printf_percent.o
         4          0          0          0          0          0   _printf_percent_end.o
         6          0          0          0          0          0   _printf_s.o
        82          0          0          0          0         80   _printf_str.o
        10          0          0          0          0         68   _sputc.o
        18          0          0          0          0         80   exit.o
         6          0          0          0          0        152   heapauxi.o
         0          0          0          0          0          0   indicate_semi.o
         2          0          0          0          0          0   libinit.o
         6          0          0          0          0          0   libinit2.o
         2          0          0          0          0          0   libshutdown.o
         2          0          0          0          0          0   libshutdown2.o
         8          4          0          0         96         68   libspace.o
        78          0          0          0          0         80   rt_memclr_w.o
       138          0          0          0          0         68   rt_memcpy_v6.o
       100          0          0          0          0         80   rt_memcpy_w.o
         2          0          0          0          0          0   rtexit.o
        10          0          0          0          0          0   rtexit2.o
        12          4          0          0          0         68   sys_exit.o
        74          0          0          0          0         80   sys_stackheap_outer.o
         2          0          0          0          0         68   use_no_semi.o
       812         16          0          0          0        392   daddsub_clz.o
        84          0          0          0          0        244   dcmp.o
        24          0          0          0          0        116   dcmpi.o
       120          4          0          0          0        140   deqf.o
        94          4          0          0          0        140   dfix.o
       120          4          0          0          0        140   dgeqf.o
       120          4          0          0          0        140   dleqf.o
       156          4          0          0          0        140   dnaninf.o
        12          0          0          0          0        116   dretinf.o
        26          0          0          0          0        116   fpinit.o
         0          0          0          0          0          0   usenofp.o

    ----------------------------------------------------------------------
      2850         80          0          0         96       3196   Library Totals
        12          0          0          0          0          0   (incl. Padding)

    ----------------------------------------------------------------------

      Code (inc. data)   RO Data    RW Data    ZI Data      Debug   Library Name

      1270         44          0          0         96       1512   c_w.l
      1568         36          0          0          0       1684   fz_wm.l

    ----------------------------------------------------------------------
      2850         80          0          0         96       3196   Library Totals

    ----------------------------------------------------------------------

==============================================================================


      Code (inc. data)   RO Data    RW Data    ZI Data      Debug   

      6958        258       1330       7124       3892      29528   Grand Totals
      6958        258       1330        432       3892      29528   ELF Image Totals (compressed)
      6958        258       1330        432          0          0   ROM Totals

==============================================================================

    Total RO  Size (Code + RO Data)                 8288 (   8.09kB)
    Total RW  Size (RW Data + ZI Data)             11016 (  10.76kB)
    Total ROM Size (Code + RO Data + RW Data)       8720 (   8.52kB)

==============================================================================

